Archive member included to satisfy reference by file (symbol)

c:/siliconlabs/simplicitystudio/v5/developer/toolchains/gnu_arm/7.2_2017q4/bin/../lib/gcc/arm-none-eabi/7.2.1/thumb/v8-m.main/fpv5-sp/hard\libgcc.a(_aeabi_ldivmod.o)
                              ./gecko_sdk_3.1.1/platform/emlib/src/em_usart.o (__aeabi_ldivmod)
c:/siliconlabs/simplicitystudio/v5/developer/toolchains/gnu_arm/7.2_2017q4/bin/../lib/gcc/arm-none-eabi/7.2.1/thumb/v8-m.main/fpv5-sp/hard\libgcc.a(_aeabi_uldivmod.o)
                              ./gecko_sdk_3.1.1/platform/emlib/src/em_usart.o (__aeabi_uldivmod)
c:/siliconlabs/simplicitystudio/v5/developer/toolchains/gnu_arm/7.2_2017q4/bin/../lib/gcc/arm-none-eabi/7.2.1/thumb/v8-m.main/fpv5-sp/hard\libgcc.a(_udivmoddi4.o)
                              c:/siliconlabs/simplicitystudio/v5/developer/toolchains/gnu_arm/7.2_2017q4/bin/../lib/gcc/arm-none-eabi/7.2.1/thumb/v8-m.main/fpv5-sp/hard\libgcc.a(_aeabi_ldivmod.o) (__udivmoddi4)
c:/siliconlabs/simplicitystudio/v5/developer/toolchains/gnu_arm/7.2_2017q4/bin/../lib/gcc/arm-none-eabi/7.2.1/thumb/v8-m.main/fpv5-sp/hard\libgcc.a(_dvmd_tls.o)
                              c:/siliconlabs/simplicitystudio/v5/developer/toolchains/gnu_arm/7.2_2017q4/bin/../lib/gcc/arm-none-eabi/7.2.1/thumb/v8-m.main/fpv5-sp/hard\libgcc.a(_aeabi_ldivmod.o) (__aeabi_ldiv0)
c:/siliconlabs/simplicitystudio/v5/developer/toolchains/gnu_arm/7.2_2017q4/bin/../lib/gcc/arm-none-eabi/7.2.1/../../../../arm-none-eabi/lib/thumb/v8-m.main/fpv5-sp/hard\libc_nano.a(lib_a-exit.o)
                              c:/siliconlabs/simplicitystudio/v5/developer/toolchains/gnu_arm/7.2_2017q4/bin/../lib/gcc/arm-none-eabi/7.2.1/../../../../arm-none-eabi/lib/thumb/v8-m.main/fpv5-sp/hard/crt0.o (exit)
c:/siliconlabs/simplicitystudio/v5/developer/toolchains/gnu_arm/7.2_2017q4/bin/../lib/gcc/arm-none-eabi/7.2.1/../../../../arm-none-eabi/lib/thumb/v8-m.main/fpv5-sp/hard\libc_nano.a(lib_a-impure.o)
                              c:/siliconlabs/simplicitystudio/v5/developer/toolchains/gnu_arm/7.2_2017q4/bin/../lib/gcc/arm-none-eabi/7.2.1/../../../../arm-none-eabi/lib/thumb/v8-m.main/fpv5-sp/hard\libc_nano.a(lib_a-exit.o) (_global_impure_ptr)
c:/siliconlabs/simplicitystudio/v5/developer/toolchains/gnu_arm/7.2_2017q4/bin/../lib/gcc/arm-none-eabi/7.2.1/../../../../arm-none-eabi/lib/thumb/v8-m.main/fpv5-sp/hard\libc_nano.a(lib_a-init.o)
                              c:/siliconlabs/simplicitystudio/v5/developer/toolchains/gnu_arm/7.2_2017q4/bin/../lib/gcc/arm-none-eabi/7.2.1/../../../../arm-none-eabi/lib/thumb/v8-m.main/fpv5-sp/hard/crt0.o (__libc_init_array)
c:/siliconlabs/simplicitystudio/v5/developer/toolchains/gnu_arm/7.2_2017q4/bin/../lib/gcc/arm-none-eabi/7.2.1/../../../../arm-none-eabi/lib/thumb/v8-m.main/fpv5-sp/hard\libc_nano.a(lib_a-memset.o)
                              c:/siliconlabs/simplicitystudio/v5/developer/toolchains/gnu_arm/7.2_2017q4/bin/../lib/gcc/arm-none-eabi/7.2.1/../../../../arm-none-eabi/lib/thumb/v8-m.main/fpv5-sp/hard/crt0.o (memset)
c:/siliconlabs/simplicitystudio/v5/developer/toolchains/gnu_arm/7.2_2017q4/bin/../lib/gcc/arm-none-eabi/7.2.1/../../../../arm-none-eabi/lib/thumb/v8-m.main/fpv5-sp/hard\libc_nano.a(lib_a-strcmp.o)
                              ./autogen/sl_iostream_handles.o (strcmp)
c:/siliconlabs/simplicitystudio/v5/developer/toolchains/gnu_arm/7.2_2017q4/bin/../lib/gcc/arm-none-eabi/7.2.1/../../../../arm-none-eabi/lib/thumb/v8-m.main/fpv5-sp/hard\libc_nano.a(lib_a-vprintf.o)
                              ./gecko_sdk_3.1.1/platform/service/iostream/src/sl_iostream.o (vprintf)
c:/siliconlabs/simplicitystudio/v5/developer/toolchains/gnu_arm/7.2_2017q4/bin/../lib/gcc/arm-none-eabi/7.2.1/../../../../arm-none-eabi/lib/thumb/v8-m.main/fpv5-sp/hard\libc_nano.a(lib_a-findfp.o)
                              c:/siliconlabs/simplicitystudio/v5/developer/toolchains/gnu_arm/7.2_2017q4/bin/../lib/gcc/arm-none-eabi/7.2.1/../../../../arm-none-eabi/lib/thumb/v8-m.main/fpv5-sp/hard\libc_nano.a(lib_a-vprintf.o) (__sinit)
c:/siliconlabs/simplicitystudio/v5/developer/toolchains/gnu_arm/7.2_2017q4/bin/../lib/gcc/arm-none-eabi/7.2.1/../../../../arm-none-eabi/lib/thumb/v8-m.main/fpv5-sp/hard\libc_nano.a(lib_a-fwalk.o)
                              c:/siliconlabs/simplicitystudio/v5/developer/toolchains/gnu_arm/7.2_2017q4/bin/../lib/gcc/arm-none-eabi/7.2.1/../../../../arm-none-eabi/lib/thumb/v8-m.main/fpv5-sp/hard\libc_nano.a(lib_a-findfp.o) (_fwalk)
c:/siliconlabs/simplicitystudio/v5/developer/toolchains/gnu_arm/7.2_2017q4/bin/../lib/gcc/arm-none-eabi/7.2.1/../../../../arm-none-eabi/lib/thumb/v8-m.main/fpv5-sp/hard\libc_nano.a(lib_a-nano-mallocr.o)
                              c:/siliconlabs/simplicitystudio/v5/developer/toolchains/gnu_arm/7.2_2017q4/bin/../lib/gcc/arm-none-eabi/7.2.1/../../../../arm-none-eabi/lib/thumb/v8-m.main/fpv5-sp/hard\libc_nano.a(lib_a-findfp.o) (_malloc_r)
[...]
Memory Configuration

Name             Origin             Length             Attributes
FLASH            0x00000000         0x0007e000         xr
RAM              0x20000000         0x00008000         xrw
*default*        0x00000000         0xffffffff

Linker script and memory map

LOAD c:/siliconlabs/simplicitystudio/v5/developer/toolchains/gnu_arm/7.2_2017q4/bin/../lib/gcc/arm-none-eabi/7.2.1/thumb/v8-m.main/fpv5-sp/hard/crti.o
LOAD c:/siliconlabs/simplicitystudio/v5/developer/toolchains/gnu_arm/7.2_2017q4/bin/../lib/gcc/arm-none-eabi/7.2.1/thumb/v8-m.main/fpv5-sp/hard/crtbegin.o
LOAD c:/siliconlabs/simplicitystudio/v5/developer/toolchains/gnu_arm/7.2_2017q4/bin/../lib/gcc/arm-none-eabi/7.2.1/../../../../arm-none-eabi/lib/thumb/v8-m.main/fpv5-sp/hard/crt0.o
START GROUP
LOAD ./app.o
LOAD ./main.o
LOAD ./autogen/sl_board_default_init.o
LOAD ./autogen/sl_device_init_clocks.o
LOAD ./autogen/sl_emlib_gpio_simple_init.o
LOAD ./autogen/sl_event_handler.o
LOAD ./autogen/sl_iostream_handles.o
LOAD ./autogen/sl_iostream_init_usart_instances.o
LOAD ./gecko_sdk_3.1.1/hardware/board/src/sl_board_control_gpio.o
LOAD ./gecko_sdk_3.1.1/hardware/board/src/sl_board_init.o
LOAD ./gecko_sdk_3.1.1/platform/Device/SiliconLabs/BGM22/Source/GCC/startup_bgm22.o
LOAD ./gecko_sdk_3.1.1/platform/Device/SiliconLabs/BGM22/Source/system_bgm22.o
LOAD ./gecko_sdk_3.1.1/platform/common/toolchain/src/sl_memory.o
LOAD ./gecko_sdk_3.1.1/platform/emdrv/gpiointerrupt/src/gpiointerrupt.o
LOAD ./gecko_sdk_3.1.1/platform/emlib/src/em_assert.o
LOAD ./gecko_sdk_3.1.1/platform/emlib/src/em_burtc.o
LOAD ./gecko_sdk_3.1.1/platform/emlib/src/em_cmu.o
LOAD ./gecko_sdk_3.1.1/platform/emlib/src/em_core.o
LOAD ./gecko_sdk_3.1.1/platform/emlib/src/em_emu.o
LOAD ./gecko_sdk_3.1.1/platform/emlib/src/em_gpio.o
LOAD ./gecko_sdk_3.1.1/platform/emlib/src/em_rtcc.o
LOAD ./gecko_sdk_3.1.1/platform/emlib/src/em_system.o
LOAD ./gecko_sdk_3.1.1/platform/emlib/src/em_usart.o
LOAD ./gecko_sdk_3.1.1/platform/service/device_init/src/sl_device_init_dcdc_s2.o
LOAD ./gecko_sdk_3.1.1/platform/service/device_init/src/sl_device_init_emu_s2.o
LOAD ./gecko_sdk_3.1.1/platform/service/device_init/src/sl_device_init_hfxo_s2.o
LOAD ./gecko_sdk_3.1.1/platform/service/device_init/src/sl_device_init_lfxo_s2.o
LOAD ./gecko_sdk_3.1.1/platform/service/device_init/src/sl_device_init_nvic.o
LOAD ./gecko_sdk_3.1.1/platform/service/iostream/src/sl_iostream.o
LOAD ./gecko_sdk_3.1.1/platform/service/iostream/src/sl_iostream_retarget_stdio.o
LOAD ./gecko_sdk_3.1.1/platform/service/iostream/src/sl_iostream_uart.o
LOAD ./gecko_sdk_3.1.1/platform/service/iostream/src/sl_iostream_usart.o
LOAD ./gecko_sdk_3.1.1/platform/service/sleeptimer/src/sl_sleeptimer.o
LOAD ./gecko_sdk_3.1.1/platform/service/sleeptimer/src/sl_sleeptimer_hal_burtc.o
LOAD ./gecko_sdk_3.1.1/platform/service/sleeptimer/src/sl_sleeptimer_hal_prortc.o
LOAD ./gecko_sdk_3.1.1/platform/service/sleeptimer/src/sl_sleeptimer_hal_rtcc.o
LOAD ./gecko_sdk_3.1.1/platform/service/system/src/sl_system_init.o
LOAD ./gecko_sdk_3.1.1/platform/service/system/src/sl_system_process_action.o
LOAD c:/siliconlabs/simplicitystudio/v5/developer/toolchains/gnu_arm/7.2_2017q4/bin/../lib/gcc/arm-none-eabi/7.2.1/thumb/v8-m.main/fpv5-sp/hard\libgcc.a
LOAD c:/siliconlabs/simplicitystudio/v5/developer/toolchains/gnu_arm/7.2_2017q4/bin/../lib/gcc/arm-none-eabi/7.2.1/../../../../arm-none-eabi/lib/thumb/v8-m.main/fpv5-sp/hard\libc_nano.a
LOAD c:/siliconlabs/simplicitystudio/v5/developer/toolchains/gnu_arm/7.2_2017q4/bin/../lib/gcc/arm-none-eabi/7.2.1/../../../../arm-none-eabi/lib/thumb/v8-m.main/fpv5-sp/hard\libm.a
LOAD c:/siliconlabs/simplicitystudio/v5/developer/toolchains/gnu_arm/7.2_2017q4/bin/../lib/gcc/arm-none-eabi/7.2.1/../../../../arm-none-eabi/lib/thumb/v8-m.main/fpv5-sp/hard\libnosys.a
END GROUP
START GROUP
LOAD c:/siliconlabs/simplicitystudio/v5/developer/toolchains/gnu_arm/7.2_2017q4/bin/../lib/gcc/arm-none-eabi/7.2.1/thumb/v8-m.main/fpv5-sp/hard\libgcc.a
LOAD c:/siliconlabs/simplicitystudio/v5/developer/toolchains/gnu_arm/7.2_2017q4/bin/../lib/gcc/arm-none-eabi/7.2.1/../../../../arm-none-eabi/lib/thumb/v8-m.main/fpv5-sp/hard\libc_nano.a
LOAD c:/siliconlabs/simplicitystudio/v5/developer/toolchains/gnu_arm/7.2_2017q4/bin/../lib/gcc/arm-none-eabi/7.2.1/../../../../arm-none-eabi/lib/thumb/v8-m.main/fpv5-sp/hard\libnosys.a
END GROUP
START GROUP
LOAD c:/siliconlabs/simplicitystudio/v5/developer/toolchains/gnu_arm/7.2_2017q4/bin/../lib/gcc/arm-none-eabi/7.2.1/thumb/v8-m.main/fpv5-sp/hard\libgcc.a
LOAD c:/siliconlabs/simplicitystudio/v5/developer/toolchains/gnu_arm/7.2_2017q4/bin/../lib/gcc/arm-none-eabi/7.2.1/../../../../arm-none-eabi/lib/thumb/v8-m.main/fpv5-sp/hard\libg_nano.a
LOAD c:/siliconlabs/simplicitystudio/v5/developer/toolchains/gnu_arm/7.2_2017q4/bin/../lib/gcc/arm-none-eabi/7.2.1/../../../../arm-none-eabi/lib/thumb/v8-m.main/fpv5-sp/hard\libc_nano.a
END GROUP
START GROUP
LOAD c:/siliconlabs/simplicitystudio/v5/developer/toolchains/gnu_arm/7.2_2017q4/bin/../lib/gcc/arm-none-eabi/7.2.1/thumb/v8-m.main/fpv5-sp/hard\libgcc.a
LOAD c:/siliconlabs/simplicitystudio/v5/developer/toolchains/gnu_arm/7.2_2017q4/bin/../lib/gcc/arm-none-eabi/7.2.1/../../../../arm-none-eabi/lib/thumb/v8-m.main/fpv5-sp/hard\libc_nano.a
END GROUP
LOAD c:/siliconlabs/simplicitystudio/v5/developer/toolchains/gnu_arm/7.2_2017q4/bin/../lib/gcc/arm-none-eabi/7.2.1/thumb/v8-m.main/fpv5-sp/hard/crtend.o
LOAD c:/siliconlabs/simplicitystudio/v5/developer/toolchains/gnu_arm/7.2_2017q4/bin/../lib/gcc/arm-none-eabi/7.2.1/thumb/v8-m.main/fpv5-sp/hard/crtn.o

.text           0x00000000     0x30a4
                0x00000000                linker_vectors_begin = .
 *(.vectors)
 .vectors       0x00000000      0x140 ./gecko_sdk_3.1.1/platform/Device/SiliconLabs/BGM22/Source/GCC/startup_bgm22.o
                0x00000000                __Vectors
                0x00000140                linker_vectors_end = .
                0x00000140                __Vectors_End = .
                0x00000140                __Vectors_Size = (__Vectors_End - __Vectors)
                0x00000140                linker_code_begin = .
 *(.text*)
 .text          0x00000140       0x40 c:/siliconlabs/simplicitystudio/v5/developer/toolchains/gnu_arm/7.2_2017q4/bin/../lib/gcc/arm-none-eabi/7.2.1/thumb/v8-m.main/fpv5-sp/hard/crtbegin.o
 .text          0x00000180       0x74 c:/siliconlabs/simplicitystudio/v5/developer/toolchains/gnu_arm/7.2_2017q4/bin/../lib/gcc/arm-none-eabi/7.2.1/../../../../arm-none-eabi/lib/thumb/v8-m.main/fpv5-sp/hard/crt0.o
                0x00000180                _start
                0x00000180                _mainCRTStartup
 .text.GPIO_PinOutSet
                0x000001f4       0x3c ./app.o
 .text.on_btn_press
                0x00000230       0x34 ./app.o
                0x00000230                on_btn_press
 .text.app_init
                0x00000264       0x2c ./app.o
                0x00000264                app_init
 .text.update_IR_sensors
                0x00000290       0x2c ./app.o
                0x00000290                update_IR_sensors
 .text.stop_movement
                0x000002bc       0x24 ./app.o
                0x000002bc                stop_movement
 .text.correct_right
                0x000002e0       0x32 ./app.o
                0x000002e0                correct_right
 .text.correct_left
                0x00000312       0x32 ./app.o
                0x00000312                correct_left
 .text.forward_movement
                0x00000344       0x3a ./app.o
                0x00000344                forward_movement
 *fill*         0x0000037e        0x2 
 .text.app_process_action
                0x00000380       0x5c ./app.o
                0x00000380                app_process_action
 .text.startup.main
                0x000003dc       0x14 ./main.o
                0x000003dc                main
 .text.sl_board_default_init
                0x000003f0        0x2 ./autogen/sl_board_default_init.o
                0x000003f0                sl_board_default_init
 .text.sl_device_init_clocks
                0x000003f2       0x32 ./autogen/sl_device_init_clocks.o
                0x000003f2                sl_device_init_clocks
 .text.sl_emlib_gpio_simple_init
                0x00000424       0x92 ./autogen/sl_emlib_gpio_simple_init.o
                0x00000424                sl_emlib_gpio_simple_init
 *fill*         0x000004b6        0x2 
 .text.sl_platform_init
                0x000004b8       0x60 ./autogen/sl_event_handler.o
                0x000004b8                sl_platform_init
 .text.sl_driver_init
                0x00000518        0x4 ./autogen/sl_event_handler.o
                0x00000518                sl_driver_init
 .text.sl_service_init
                0x0000051c        0xe ./autogen/sl_event_handler.o
                0x0000051c                sl_service_init
 .text.sl_stack_init
                0x0000052a        0x2 ./autogen/sl_event_handler.o
                0x0000052a                sl_stack_init
 .text.sl_internal_app_init
                0x0000052c        0x2 ./autogen/sl_event_handler.o
                0x0000052c                sl_internal_app_init
 .text.sl_platform_process_action
                0x0000052e        0x2 ./autogen/sl_event_handler.o
                0x0000052e                sl_platform_process_action
 .text.sl_service_process_action
                0x00000530        0x2 ./autogen/sl_event_handler.o
                0x00000530                sl_service_process_action
 .text.sl_stack_process_action
                0x00000532        0x2 ./autogen/sl_event_handler.o
                0x00000532                sl_stack_process_action
 .text.sl_internal_app_process_action
                0x00000534        0x2 ./autogen/sl_event_handler.o
                0x00000534                sl_internal_app_process_action
 *fill*         0x00000536        0x2 
 .text.sl_iostream_usart_init_vcom
                0x00000538       0x64 ./autogen/sl_iostream_init_usart_instances.o
                0x00000538                sl_iostream_usart_init_vcom
 .text.sl_iostream_usart_init_instances
                0x0000059c        0x4 ./autogen/sl_iostream_init_usart_instances.o
                0x0000059c                sl_iostream_usart_init_instances
 .text.USART1_RX_IRQHandler
                0x000005a0        0xc ./autogen/sl_iostream_init_usart_instances.o
                0x000005a0                USART1_RX_IRQHandler
 .text.USART1_TX_IRQHandler
                0x000005ac        0x4 ./autogen/sl_iostream_init_usart_instances.o
                0x000005ac                USART1_TX_IRQHandler
 .text.sl_board_init
                0x000005b0       0x12 ./gecko_sdk_3.1.1/hardware/board/src/sl_board_init.o
                0x000005b0                sl_board_init
 .text.sl_board_preinit
                0x000005c2        0x8 ./gecko_sdk_3.1.1/hardware/board/src/sl_board_init.o
                0x000005c2                sl_board_preinit
 .text.Default_Handler
                0x000005ca        0x2 ./gecko_sdk_3.1.1/platform/Device/SiliconLabs/BGM22/Source/GCC/startup_bgm22.o
                0x000005ca                ULFRCO_IRQHandler
                0x000005ca                SW2_IRQHandler
                0x000005ca                TIMER2_IRQHandler
                0x000005ca                DebugMon_Handler
                0x000005ca                PKE_IRQHandler
                0x000005ca                USART0_TX_IRQHandler
                0x000005ca                PRORTC_IRQHandler
                0x000005ca                IADC_IRQHandler
                0x000005ca                I2C0_IRQHandler
                0x000005ca                LFXO_IRQHandler
                0x000005ca                CRYPTOACC_IRQHandler
                0x000005ca                HardFault_Handler
                0x000005ca                SMU_SECURE_IRQHandler
                0x000005ca                SysTick_Handler
                0x000005ca                EMUEFP_IRQHandler
                0x000005ca                PendSV_Handler
                0x000005ca                NMI_Handler
                0x000005ca                SYNTH_IRQHandler
                0x000005ca                HFXO0_IRQHandler
                0x000005ca                I2C1_IRQHandler
                0x000005ca                PDM_IRQHandler
                0x000005ca                WDOG0_IRQHandler
                0x000005ca                TIMER3_IRQHandler
                0x000005ca                SYSCFG_IRQHandler
                0x000005ca                EMUSE_IRQHandler
                0x000005ca                EMUDG_IRQHandler
                0x000005ca                SMU_PRIVILEGED_IRQHandler
                0x000005ca                MSC_IRQHandler
                0x000005ca                DPLL0_IRQHandler
                0x000005ca                UsageFault_Handler
                0x000005ca                M33CTI1_IRQHandler
                0x000005ca                TIMER4_IRQHandler
                0x000005ca                LDMA_IRQHandler
                0x000005ca                SW0_IRQHandler
                0x000005ca                TIMER0_IRQHandler
                0x000005ca                LETIMER0_IRQHandler
                0x000005ca                TIMER1_IRQHandler
                0x000005ca                HFRCO0_IRQHandler
                0x000005ca                RFSENSE_IRQHandler
                0x000005ca                BUFC_IRQHandler
                0x000005ca                DCDC_IRQHandler
                0x000005ca                MODEM_IRQHandler
                0x000005ca                Default_Handler
                0x000005ca                RAC_SEQ_IRQHandler
                0x000005ca                FRC_PRI_IRQHandler
                0x000005ca                EMU_IRQHandler
                0x000005ca                SW3_IRQHandler
                0x000005ca                KERNEL0_IRQHandler
                0x000005ca                FRC_IRQHandler
                0x000005ca                KERNEL1_IRQHandler
                0x000005ca                AGC_IRQHandler
                0x000005ca                sl_app_properties
                0x000005ca                BURTC_IRQHandler
                0x000005ca                LFRCO_IRQHandler
                0x000005ca                USART0_RX_IRQHandler
                0x000005ca                MemManage_Handler
                0x000005ca                RDMAILBOX_IRQHandler
                0x000005ca                SVC_Handler
                0x000005ca                SW1_IRQHandler
                0x000005ca                CMU_IRQHandler
                0x000005ca                RAC_RSM_IRQHandler
                0x000005ca                EUART0_TX_IRQHandler
                0x000005ca                EUART0_RX_IRQHandler
                0x000005ca                AES_IRQHandler
                0x000005ca                M33CTI0_IRQHandler
                0x000005ca                ICACHE0_IRQHandler
                0x000005ca                SMU_NS_PRIVILEGED_IRQHandler
                0x000005ca                PROTIMER_IRQHandler
                0x000005ca                BusFault_Handler
                0x000005ca                TRNG_IRQHandler
 .text.Reset_Handler
                0x000005cc       0x2c ./gecko_sdk_3.1.1/platform/Device/SiliconLabs/BGM22/Source/GCC/startup_bgm22.o
                0x000005cc                Reset_Handler
 .text.SystemInit
                0x000005f8       0x1c ./gecko_sdk_3.1.1/platform/Device/SiliconLabs/BGM22/Source/system_bgm22.o
                0x000005f8                SystemInit
 .text.SystemHFRCODPLLClockGet
                0x00000614        0xc ./gecko_sdk_3.1.1/platform/Device/SiliconLabs/BGM22/Source/system_bgm22.o
                0x00000614                SystemHFRCODPLLClockGet
 .text.SystemSYSCLKGet
                0x00000620       0x34 ./gecko_sdk_3.1.1/platform/Device/SiliconLabs/BGM22/Source/system_bgm22.o
                0x00000620                SystemSYSCLKGet
 .text.SystemHCLKGet
                0x00000654       0x24 ./gecko_sdk_3.1.1/platform/Device/SiliconLabs/BGM22/Source/system_bgm22.o
                0x00000654                SystemHCLKGet
 .text.SystemMaxCoreClockGet
                0x00000678        0x8 ./gecko_sdk_3.1.1/platform/Device/SiliconLabs/BGM22/Source/system_bgm22.o
                0x00000678                SystemMaxCoreClockGet
 .text.SystemHFXOClockGet
                0x00000680        0xc ./gecko_sdk_3.1.1/platform/Device/SiliconLabs/BGM22/Source/system_bgm22.o
                0x00000680                SystemHFXOClockGet
 .text.SystemHFXOClockSet
                0x0000068c       0x20 ./gecko_sdk_3.1.1/platform/Device/SiliconLabs/BGM22/Source/system_bgm22.o
                0x0000068c                SystemHFXOClockSet
 .text.SystemCLKIN0Get
                0x000006ac        0x4 ./gecko_sdk_3.1.1/platform/Device/SiliconLabs/BGM22/Source/system_bgm22.o
                0x000006ac                SystemCLKIN0Get
 .text.SystemFSRCOClockGet
                0x000006b0        0x8 ./gecko_sdk_3.1.1/platform/Device/SiliconLabs/BGM22/Source/system_bgm22.o
                0x000006b0                SystemFSRCOClockGet
 .text.SystemLFRCOClockGet
                0x000006b8        0x6 ./gecko_sdk_3.1.1/platform/Device/SiliconLabs/BGM22/Source/system_bgm22.o
                0x000006b8                SystemLFRCOClockGet
 .text.SystemULFRCOClockGet
                0x000006be        0x6 ./gecko_sdk_3.1.1/platform/Device/SiliconLabs/BGM22/Source/system_bgm22.o
                0x000006be                SystemULFRCOClockGet
 .text.SystemLFXOClockGet
                0x000006c4        0xc ./gecko_sdk_3.1.1/platform/Device/SiliconLabs/BGM22/Source/system_bgm22.o
                0x000006c4                SystemLFXOClockGet
 .text.GPIOINT_IRQDispatcher
                0x000006d0       0x2c ./gecko_sdk_3.1.1/platform/emdrv/gpiointerrupt/src/gpiointerrupt.o
 .text.GPIOINT_Init
                0x000006fc       0x1c ./gecko_sdk_3.1.1/platform/emdrv/gpiointerrupt/src/gpiointerrupt.o
                0x000006fc                GPIOINT_Init
 .text.GPIOINT_CallbackRegister
                0x00000718       0x1c ./gecko_sdk_3.1.1/platform/emdrv/gpiointerrupt/src/gpiointerrupt.o
                0x00000718                GPIOINT_CallbackRegister
 .text.GPIO_EVEN_IRQHandler
                0x00000734       0x28 ./gecko_sdk_3.1.1/platform/emdrv/gpiointerrupt/src/gpiointerrupt.o
                0x00000734                GPIO_EVEN_IRQHandler
 .text.GPIO_ODD_IRQHandler
                0x0000075c       0x28 ./gecko_sdk_3.1.1/platform/emdrv/gpiointerrupt/src/gpiointerrupt.o
                0x0000075c                GPIO_ODD_IRQHandler
 .text.assertEFM
                0x00000784        0x2 ./gecko_sdk_3.1.1/platform/emlib/src/em_assert.o
                0x00000784                assertEFM
 *fill*         0x00000786        0x2 
 .text.EMU_VScaleGet
                0x00000788       0x1c ./gecko_sdk_3.1.1/platform/emlib/src/em_cmu.o
 .text.em01GrpaClkGet
                0x000007a4       0x54 ./gecko_sdk_3.1.1/platform/emlib/src/em_cmu.o
 .text.iadcClkGet
                0x000007f8       0x54 ./gecko_sdk_3.1.1/platform/emlib/src/em_cmu.o
 .text.em01GrpbClkGet
                0x0000084c       0x70 ./gecko_sdk_3.1.1/platform/emlib/src/em_cmu.o
 .text.em23GrpaClkGet
                0x000008bc       0x54 ./gecko_sdk_3.1.1/platform/emlib/src/em_cmu.o
 .text.wdog0ClkGet
                0x00000910       0x60 ./gecko_sdk_3.1.1/platform/emlib/src/em_cmu.o
 .text.rtccClkGet
                0x00000970       0x54 ./gecko_sdk_3.1.1/platform/emlib/src/em_cmu.o
 .text.em4GrpaClkGet
                0x000009c4       0x54 ./gecko_sdk_3.1.1/platform/emlib/src/em_cmu.o
 .text.euart0ClkGet
                0x00000a18       0x48 ./gecko_sdk_3.1.1/platform/emlib/src/em_cmu.o
 .text.CMU_ClockEnable
                0x00000a60       0x54 ./gecko_sdk_3.1.1/platform/emlib/src/em_cmu.o
                0x00000a60                CMU_ClockEnable
 .text.CMU_ClockDivGet
                0x00000ab4       0x88 ./gecko_sdk_3.1.1/platform/emlib/src/em_cmu.o
                0x00000ab4                CMU_ClockDivGet
 .text.CMU_ClockFreqGet
                0x00000b3c      0x190 ./gecko_sdk_3.1.1/platform/emlib/src/em_cmu.o
                0x00000b3c                CMU_ClockFreqGet
 .text.rhclkPrescOptimize
                0x00000ccc       0x24 ./gecko_sdk_3.1.1/platform/emlib/src/em_cmu.o
 .text.flashWaitStateControl
                0x00000cf0       0x54 ./gecko_sdk_3.1.1/platform/emlib/src/em_cmu.o
 .text.waitStateMax
                0x00000d44       0x10 ./gecko_sdk_3.1.1/platform/emlib/src/em_cmu.o
 .text.CMU_ClockSelectGet
                0x00000d54      0x158 ./gecko_sdk_3.1.1/platform/emlib/src/em_cmu.o
                0x00000d54                CMU_ClockSelectGet
 .text.CMU_HFXOInit
                0x00000eac      0x1e4 ./gecko_sdk_3.1.1/platform/emlib/src/em_cmu.o
                0x00000eac                CMU_HFXOInit
 .text.CMU_LFXOInit
                0x00001090       0xc8 ./gecko_sdk_3.1.1/platform/emlib/src/em_cmu.o
                0x00001090                CMU_LFXOInit
 .text.CMU_LFXOPrecisionSet
                0x00001158        0xc ./gecko_sdk_3.1.1/platform/emlib/src/em_cmu.o
                0x00001158                CMU_LFXOPrecisionSet
 .text.CMU_UpdateWaitStates
                0x00001164        0xc ./gecko_sdk_3.1.1/platform/emlib/src/em_cmu.o
                0x00001164                CMU_UpdateWaitStates
 .text.CMU_ClockDivSet
                0x00001170      0x100 ./gecko_sdk_3.1.1/platform/emlib/src/em_cmu.o
                0x00001170                CMU_ClockDivSet
 .text.pclkDivMax
                0x00001270        0xa ./gecko_sdk_3.1.1/platform/emlib/src/em_cmu.o
 *fill*         0x0000127a        0x2 
 .text.pclkDivOptimize
                0x0000127c       0x24 ./gecko_sdk_3.1.1/platform/emlib/src/em_cmu.o
 .text.CMU_ClockSelectSet
                0x000012a0      0x368 ./gecko_sdk_3.1.1/platform/emlib/src/em_cmu.o
                0x000012a0                CMU_ClockSelectSet
 .text.CORE_EnterCritical
                0x00001608        0x8 ./gecko_sdk_3.1.1/platform/emlib/src/em_core.o
                0x00001608                CORE_EnterCritical
 .text.CORE_ExitCritical
                0x00001610        0x6 ./gecko_sdk_3.1.1/platform/emlib/src/em_core.o
                0x00001610                CORE_ExitCritical
 .text.CORE_EnterAtomic
                0x00001616        0xc ./gecko_sdk_3.1.1/platform/emlib/src/em_core.o
                0x00001616                CORE_EnterAtomic
 .text.CORE_ExitAtomic
                0x00001622        0x6 ./gecko_sdk_3.1.1/platform/emlib/src/em_core.o
                0x00001622                CORE_ExitAtomic
 .text.EMU_VScaleEM01
                0x00001628       0xac ./gecko_sdk_3.1.1/platform/emlib/src/em_emu.o
                0x00001628                EMU_VScaleEM01
 .text.EMU_VScaleEM01ByClock
                0x000016d4       0x30 ./gecko_sdk_3.1.1/platform/emlib/src/em_emu.o
                0x000016d4                EMU_VScaleEM01ByClock
 .text.EMU_EM4Init
                0x00001704       0x12 ./gecko_sdk_3.1.1/platform/emlib/src/em_emu.o
                0x00001704                EMU_EM4Init
 *fill*         0x00001716        0x2 
 .text.EMU_DCDCModeSet
                0x00001718       0x74 ./gecko_sdk_3.1.1/platform/emlib/src/em_emu.o
                0x00001718                EMU_DCDCModeSet
 .text.EMU_DCDCInit
                0x0000178c       0x78 ./gecko_sdk_3.1.1/platform/emlib/src/em_emu.o
                0x0000178c                EMU_DCDCInit
 .text.GPIO_PinOutSet
                0x00001804       0x54 ./gecko_sdk_3.1.1/platform/emlib/src/em_gpio.o
 .text.GPIO_PinOutClear
                0x00001858       0x54 ./gecko_sdk_3.1.1/platform/emlib/src/em_gpio.o
 .text.BUS_RegMaskedWrite
                0x000018ac       0x20 ./gecko_sdk_3.1.1/platform/emlib/src/em_gpio.o
 .text.GPIO_ExtIntConfig
                0x000018cc      0x10c ./gecko_sdk_3.1.1/platform/emlib/src/em_gpio.o
                0x000018cc                GPIO_ExtIntConfig
 .text.GPIO_PinModeSet
                0x000019d8       0xac ./gecko_sdk_3.1.1/platform/emlib/src/em_gpio.o
                0x000019d8                GPIO_PinModeSet
 .text.RTCC_SyncWait
                0x00001a84       0x10 ./gecko_sdk_3.1.1/platform/emlib/src/em_rtcc.o
 .text.RTCC_ChannelInit
                0x00001a94       0x48 ./gecko_sdk_3.1.1/platform/emlib/src/em_rtcc.o
                0x00001a94                RTCC_ChannelInit
 .text.RTCC_Enable
                0x00001adc       0x44 ./gecko_sdk_3.1.1/platform/emlib/src/em_rtcc.o
                0x00001adc                RTCC_Enable
 .text.RTCC_Init
                0x00001b20       0x5c ./gecko_sdk_3.1.1/platform/emlib/src/em_rtcc.o
                0x00001b20                RTCC_Init
 .text.USART_BaudrateAsyncSet
                0x00001b7c       0xd8 ./gecko_sdk_3.1.1/platform/emlib/src/em_usart.o
                0x00001b7c                USART_BaudrateAsyncSet
 .text.USART_Enable
                0x00001c54       0x44 ./gecko_sdk_3.1.1/platform/emlib/src/em_usart.o
                0x00001c54                USART_Enable
 .text.USART_Reset
                0x00001c98       0x7c ./gecko_sdk_3.1.1/platform/emlib/src/em_usart.o
                0x00001c98                USART_Reset
 .text.USART_InitAsync
                0x00001d14      0x114 ./gecko_sdk_3.1.1/platform/emlib/src/em_usart.o
                0x00001d14                USART_InitAsync
 .text.USART_Rx
                0x00001e28        0xc ./gecko_sdk_3.1.1/platform/emlib/src/em_usart.o
                0x00001e28                USART_Rx
 .text.USART_Tx
                0x00001e34        0xa ./gecko_sdk_3.1.1/platform/emlib/src/em_usart.o
                0x00001e34                USART_Tx
 *fill*         0x00001e3e        0x2 
 .text.sl_device_init_dcdc
                0x00001e40       0x20 ./gecko_sdk_3.1.1/platform/service/device_init/src/sl_device_init_dcdc_s2.o
                0x00001e40                sl_device_init_dcdc
 .text.sl_device_init_emu
                0x00001e60       0x22 ./gecko_sdk_3.1.1/platform/service/device_init/src/sl_device_init_emu_s2.o
                0x00001e60                sl_device_init_emu
 *fill*         0x00001e82        0x2 
 .text.sl_device_init_hfxo
                0x00001e84       0x5c ./gecko_sdk_3.1.1/platform/service/device_init/src/sl_device_init_hfxo_s2.o
                0x00001e84                sl_device_init_hfxo
 .text.sl_device_init_lfxo
                0x00001ee0       0x34 ./gecko_sdk_3.1.1/platform/service/device_init/src/sl_device_init_lfxo_s2.o
                0x00001ee0                sl_device_init_lfxo
 .text.sl_device_init_nvic
                0x00001f14       0x3c ./gecko_sdk_3.1.1/platform/service/device_init/src/sl_device_init_nvic.o
                0x00001f14                sl_device_init_nvic
 .text.sl_iostream_set_default
                0x00001f50       0x18 ./gecko_sdk_3.1.1/platform/service/iostream/src/sl_iostream.o
                0x00001f50                sl_iostream_set_default
 .text.sl_iostream_get_default
                0x00001f68       0x18 ./gecko_sdk_3.1.1/platform/service/iostream/src/sl_iostream.o
                0x00001f68                sl_iostream_get_default
 .text._exit    0x00001f80        0x2 ./gecko_sdk_3.1.1/platform/service/iostream/src/sl_iostream_retarget_stdio.o
                0x00001f80                _exit
 .text.set_auto_cr_lf
                0x00001f82        0x6 ./gecko_sdk_3.1.1/platform/service/iostream/src/sl_iostream_uart.o
 .text.get_auto_cr_lf
                0x00001f88        0x6 ./gecko_sdk_3.1.1/platform/service/iostream/src/sl_iostream_uart.o
 .text.uart_read
                0x00001f8e       0x6a ./gecko_sdk_3.1.1/platform/service/iostream/src/sl_iostream_uart.o
 .text.uart_write
                0x00001ff8       0x40 ./gecko_sdk_3.1.1/platform/service/iostream/src/sl_iostream_uart.o
 .text.uart_deinit
                0x00002038       0x56 ./gecko_sdk_3.1.1/platform/service/iostream/src/sl_iostream_uart.o
 *fill*         0x0000208e        0x2 
 .text.sli_iostream_uart_context_init
                0x00002090       0x9c ./gecko_sdk_3.1.1/platform/service/iostream/src/sl_iostream_uart.o
                0x00002090                sli_iostream_uart_context_init
 .text.sli_uart_is_rx_space_avail
                0x0000212c        0xe ./gecko_sdk_3.1.1/platform/service/iostream/src/sl_iostream_uart.o
                0x0000212c                sli_uart_is_rx_space_avail
 *fill*         0x0000213a        0x2 
 .text.sli_uart_push_rxd_data
                0x0000213c       0x3c ./gecko_sdk_3.1.1/platform/service/iostream/src/sl_iostream_uart.o
                0x0000213c                sli_uart_push_rxd_data
 .text.usart_enable_rx
                0x00002178        0xc ./gecko_sdk_3.1.1/platform/service/iostream/src/sl_iostream_usart.o
 .text.usart_deinit
                0x00002184       0x6c ./gecko_sdk_3.1.1/platform/service/iostream/src/sl_iostream_usart.o
 .text.usart_tx
                0x000021f0        0xc ./gecko_sdk_3.1.1/platform/service/iostream/src/sl_iostream_usart.o
 .text.sl_iostream_usart_init
                0x000021fc      0x178 ./gecko_sdk_3.1.1/platform/service/iostream/src/sl_iostream_usart.o
                0x000021fc                sl_iostream_usart_init
 .text.sl_iostream_usart_irq_handler
                0x00002374       0x30 ./gecko_sdk_3.1.1/platform/service/iostream/src/sl_iostream_usart.o
                0x00002374                sl_iostream_usart_irq_handler
 .text.delay_callback
                0x000023a4        0x6 ./gecko_sdk_3.1.1/platform/service/sleeptimer/src/sl_sleeptimer.o
 *fill*         0x000023aa        0x2 
 .text.delta_list_insert_timer
                0x000023ac       0x48 ./gecko_sdk_3.1.1/platform/service/sleeptimer/src/sl_sleeptimer.o
 .text.update_first_timer_delta
                0x000023f4       0x34 ./gecko_sdk_3.1.1/platform/service/sleeptimer/src/sl_sleeptimer.o
 .text.set_comparator_for_next_timer
                0x00002428       0x4c ./gecko_sdk_3.1.1/platform/service/sleeptimer/src/sl_sleeptimer.o
 .text.create_timer
                0x00002474       0x5c ./gecko_sdk_3.1.1/platform/service/sleeptimer/src/sl_sleeptimer.o
 .text.delta_list_remove_timer
                0x000024d0       0x38 ./gecko_sdk_3.1.1/platform/service/sleeptimer/src/sl_sleeptimer.o
 .text.sl_sleeptimer_init
                0x00002508       0x74 ./gecko_sdk_3.1.1/platform/service/sleeptimer/src/sl_sleeptimer.o
                0x00002508                sl_sleeptimer_init
 .text.sl_sleeptimer_is_timer_running
                0x0000257c       0x38 ./gecko_sdk_3.1.1/platform/service/sleeptimer/src/sl_sleeptimer.o
                0x0000257c                sl_sleeptimer_is_timer_running
 .text.sl_sleeptimer_start_timer
                0x000025b4       0x46 ./gecko_sdk_3.1.1/platform/service/sleeptimer/src/sl_sleeptimer.o
                0x000025b4                sl_sleeptimer_start_timer
 *fill*         0x000025fa        0x2 
 .text.sl_sleeptimer_ms_to_tick
                0x000025fc       0x18 ./gecko_sdk_3.1.1/platform/service/sleeptimer/src/sl_sleeptimer.o
                0x000025fc                sl_sleeptimer_ms_to_tick
 .text.sl_sleeptimer_delay_millisecond
                0x00002614       0x38 ./gecko_sdk_3.1.1/platform/service/sleeptimer/src/sl_sleeptimer.o
                0x00002614                sl_sleeptimer_delay_millisecond
 .text.process_timer_irq
                0x0000264c      0x118 ./gecko_sdk_3.1.1/platform/service/sleeptimer/src/sl_sleeptimer.o
                0x0000264c                process_timer_irq
 .text.CMU_PrescToLog2.constprop.1
                0x00002764        0x4 ./gecko_sdk_3.1.1/platform/service/sleeptimer/src/sl_sleeptimer_hal_rtcc.o
 .text.sleeptimer_hal_init_timer
                0x00002768       0x88 ./gecko_sdk_3.1.1/platform/service/sleeptimer/src/sl_sleeptimer_hal_rtcc.o
                0x00002768                sleeptimer_hal_init_timer
 .text.sleeptimer_hal_get_counter
                0x000027f0        0xe ./gecko_sdk_3.1.1/platform/service/sleeptimer/src/sl_sleeptimer_hal_rtcc.o
                0x000027f0                sleeptimer_hal_get_counter
 .text.sleeptimer_hal_get_compare
                0x000027fe        0x8 ./gecko_sdk_3.1.1/platform/service/sleeptimer/src/sl_sleeptimer_hal_rtcc.o
                0x000027fe                sleeptimer_hal_get_compare
 *fill*         0x00002806        0x2 
 .text.sleeptimer_hal_set_compare
                0x00002808       0x60 ./gecko_sdk_3.1.1/platform/service/sleeptimer/src/sl_sleeptimer_hal_rtcc.o
                0x00002808                sleeptimer_hal_set_compare
 .text.sleeptimer_hal_enable_int
                0x00002868       0x18 ./gecko_sdk_3.1.1/platform/service/sleeptimer/src/sl_sleeptimer_hal_rtcc.o
                0x00002868                sleeptimer_hal_enable_int
 .text.sleeptimer_hal_disable_int
                0x00002880       0x30 ./gecko_sdk_3.1.1/platform/service/sleeptimer/src/sl_sleeptimer_hal_rtcc.o
                0x00002880                sleeptimer_hal_disable_int
 .text.RTCC_IRQHandler
                0x000028b0       0x34 ./gecko_sdk_3.1.1/platform/service/sleeptimer/src/sl_sleeptimer_hal_rtcc.o
                0x000028b0                RTCC_IRQHandler
 .text.sleeptimer_hal_get_timer_frequency
                0x000028e4       0x14 ./gecko_sdk_3.1.1/platform/service/sleeptimer/src/sl_sleeptimer_hal_rtcc.o
                0x000028e4                sleeptimer_hal_get_timer_frequency
 .text.sl_system_init
                0x000028f8       0x1a ./gecko_sdk_3.1.1/platform/service/system/src/sl_system_init.o
                0x000028f8                sl_system_init
 .text.sl_system_process_action
                0x00002912       0x16 ./gecko_sdk_3.1.1/platform/service/system/src/sl_system_process_action.o
                0x00002912                sl_system_process_action
 .text          0x00002928       0x30 c:/siliconlabs/simplicitystudio/v5/developer/toolchains/gnu_arm/7.2_2017q4/bin/../lib/gcc/arm-none-eabi/7.2.1/thumb/v8-m.main/fpv5-sp/hard\libgcc.a(_aeabi_uldivmod.o)
                0x00002928                __aeabi_uldivmod
 .text          0x00002958      0x2e0 c:/siliconlabs/simplicitystudio/v5/developer/toolchains/gnu_arm/7.2_2017q4/bin/../lib/gcc/arm-none-eabi/7.2.1/thumb/v8-m.main/fpv5-sp/hard\libgcc.a(_udivmoddi4.o)
                0x00002958                __udivmoddi4
 .text          0x00002c38        0x4 c:/siliconlabs/simplicitystudio/v5/developer/toolchains/gnu_arm/7.2_2017q4/bin/../lib/gcc/arm-none-eabi/7.2.1/thumb/v8-m.main/fpv5-sp/hard\libgcc.a(_dvmd_tls.o)
                0x00002c38                __aeabi_idiv0
                0x00002c38                __aeabi_ldiv0
 .text.exit     0x00002c3c       0x28 c:/siliconlabs/simplicitystudio/v5/developer/toolchains/gnu_arm/7.2_2017q4/bin/../lib/gcc/arm-none-eabi/7.2.1/../../../../arm-none-eabi/lib/thumb/v8-m.main/fpv5-sp/hard\libc_nano.a(lib_a-exit.o)
                0x00002c3c                exit
 .text.__libc_init_array
                0x00002c64       0x48 c:/siliconlabs/simplicitystudio/v5/developer/toolchains/gnu_arm/7.2_2017q4/bin/../lib/gcc/arm-none-eabi/7.2.1/../../../../arm-none-eabi/lib/thumb/v8-m.main/fpv5-sp/hard\libc_nano.a(lib_a-init.o)
                0x00002c64                __libc_init_array
 .text.memset   0x00002cac       0x10 c:/siliconlabs/simplicitystudio/v5/developer/toolchains/gnu_arm/7.2_2017q4/bin/../lib/gcc/arm-none-eabi/7.2.1/../../../../arm-none-eabi/lib/thumb/v8-m.main/fpv5-sp/hard\libc_nano.a(lib_a-memset.o)
                0x00002cac                memset
                0x00002cbc                linker_code_end = .
 *(.init)
 .init          0x00002cbc        0x4 c:/siliconlabs/simplicitystudio/v5/developer/toolchains/gnu_arm/7.2_2017q4/bin/../lib/gcc/arm-none-eabi/7.2.1/thumb/v8-m.main/fpv5-sp/hard/crti.o
                0x00002cbc                _init
 .init          0x00002cc0        0x8 c:/siliconlabs/simplicitystudio/v5/developer/toolchains/gnu_arm/7.2_2017q4/bin/../lib/gcc/arm-none-eabi/7.2.1/thumb/v8-m.main/fpv5-sp/hard/crtn.o
 *(.fini)
 .fini          0x00002cc8        0x4 c:/siliconlabs/simplicitystudio/v5/developer/toolchains/gnu_arm/7.2_2017q4/bin/../lib/gcc/arm-none-eabi/7.2.1/thumb/v8-m.main/fpv5-sp/hard/crti.o
                0x00002cc8                _fini
 .fini          0x00002ccc        0x8 c:/siliconlabs/simplicitystudio/v5/developer/toolchains/gnu_arm/7.2_2017q4/bin/../lib/gcc/arm-none-eabi/7.2.1/thumb/v8-m.main/fpv5-sp/hard/crtn.o
 *crtbegin.o(.ctors)
 *crtbegin?.o(.ctors)
 *(EXCLUDE_FILE(*crtend.o *crtend?.o) .ctors)
 *(SORT_BY_NAME(.ctors.*))
 *(.ctors)
 *crtbegin.o(.dtors)
 *crtbegin?.o(.dtors)
 *(EXCLUDE_FILE(*crtend.o *crtend?.o) .dtors)
 *(SORT_BY_NAME(.dtors.*))
 *(.dtors)
 *(.rodata*)
 .rodata.GPIO_PinOutSet.str1.1
                0x00002cd4       0x64 ./app.o
 .rodata        0x00002d38       0x3c ./autogen/sl_iostream_init_usart_instances.o
 .rodata.sl_iostream_usart_init_vcom.str1.1
                0x00002d74       0x2e ./autogen/sl_iostream_init_usart_instances.o
 .rodata.HFRCODPLLDevinfoGet.str1.1
                0x00002da2       0x63 ./gecko_sdk_3.1.1/platform/emlib/src/em_cmu.o
 .rodata.EMU_VScaleEM01.str1.1
                0x00002e05       0x63 ./gecko_sdk_3.1.1/platform/emlib/src/em_emu.o
 .rodata.GPIO_ExtIntConfig.str1.1
                0x00002e68       0x64 ./gecko_sdk_3.1.1/platform/emlib/src/em_gpio.o
 .rodata.GPIO_PinOutSet.str1.1
                0x00002ecc       0x64 ./gecko_sdk_3.1.1/platform/emlib/src/em_gpio.o
 .rodata.RTCC_ChannelInit.str1.1
                0x00002ecc       0x64 ./gecko_sdk_3.1.1/platform/emlib/src/em_rtcc.o
 .rodata.USART_BaudrateAsyncSet.str1.1
                0x00002f30       0x65 ./gecko_sdk_3.1.1/platform/emlib/src/em_usart.o
 .rodata        0x00002f95        0x8 ./gecko_sdk_3.1.1/platform/service/device_init/src/sl_device_init_dcdc_s2.o
 .rodata        0x00002f9d       0x13 ./gecko_sdk_3.1.1/platform/service/device_init/src/sl_device_init_hfxo_s2.o
 .rodata        0x00002fb0        0xb ./gecko_sdk_3.1.1/platform/service/device_init/src/sl_device_init_lfxo_s2.o
 .rodata.sli_uart_push_rxd_data.str1.1
                0x00002fbb       0x78 ./gecko_sdk_3.1.1/platform/service/iostream/src/sl_iostream_uart.o
 .rodata        0x00003033        0xb ./gecko_sdk_3.1.1/platform/service/sleeptimer/src/sl_sleeptimer_hal_rtcc.o
 *fill*         0x0000303e        0x2 
 .rodata._global_impure_ptr
                0x00003040        0x4 c:/siliconlabs/simplicitystudio/v5/developer/toolchains/gnu_arm/7.2_2017q4/bin/../lib/gcc/arm-none-eabi/7.2.1/../../../../arm-none-eabi/lib/thumb/v8-m.main/fpv5-sp/hard\libc_nano.a(lib_a-impure.o)
                0x00003040                _global_impure_ptr
 .rodata.__sf_fake_stderr
                0x00003044       0x20 c:/siliconlabs/simplicitystudio/v5/developer/toolchains/gnu_arm/7.2_2017q4/bin/../lib/gcc/arm-none-eabi/7.2.1/../../../../arm-none-eabi/lib/thumb/v8-m.main/fpv5-sp/hard\libc_nano.a(lib_a-findfp.o)
                0x00003044                __sf_fake_stderr
 .rodata.__sf_fake_stdin
                0x00003064       0x20 c:/siliconlabs/simplicitystudio/v5/developer/toolchains/gnu_arm/7.2_2017q4/bin/../lib/gcc/arm-none-eabi/7.2.1/../../../../arm-none-eabi/lib/thumb/v8-m.main/fpv5-sp/hard\libc_nano.a(lib_a-findfp.o)
                0x00003064                __sf_fake_stdin
 .rodata.__sf_fake_stdout
                0x00003084       0x20 c:/siliconlabs/simplicitystudio/v5/developer/toolchains/gnu_arm/7.2_2017q4/bin/../lib/gcc/arm-none-eabi/7.2.1/../../../../arm-none-eabi/lib/thumb/v8-m.main/fpv5-sp/hard\libc_nano.a(lib_a-findfp.o)
                0x00003084                __sf_fake_stdout
 *(.eh_frame*)
 .eh_frame      0x000030a4        0x0 c:/siliconlabs/simplicitystudio/v5/developer/toolchains/gnu_arm/7.2_2017q4/bin/../lib/gcc/arm-none-eabi/7.2.1/thumb/v8-m.main/fpv5-sp/hard/crtbegin.o

.glue_7         0x000030a4        0x0
 .glue_7        0x000030a4        0x0 linker stubs

.glue_7t        0x000030a4        0x0
 .glue_7t       0x000030a4        0x0 linker stubs

.vfp11_veneer   0x000030a4        0x0
 .vfp11_veneer  0x000030a4        0x0 linker stubs

.v4_bx          0x000030a4        0x0
 .v4_bx         0x000030a4        0x0 linker stubs

.iplt           0x000030a4        0x0
 .iplt          0x000030a4        0x0 c:/siliconlabs/simplicitystudio/v5/developer/toolchains/gnu_arm/7.2_2017q4/bin/../lib/gcc/arm-none-eabi/7.2.1/thumb/v8-m.main/fpv5-sp/hard/crtbegin.o

.ARM.extab
 *(.ARM.extab* .gnu.linkonce.armextab.*)
                0x000030a4                __exidx_start = .

.ARM.exidx      0x000030a4        0x8
 *(.ARM.exidx* .gnu.linkonce.armexidx.*)
 .ARM.exidx     0x000030a4        0x8 c:/siliconlabs/simplicitystudio/v5/developer/toolchains/gnu_arm/7.2_2017q4/bin/../lib/gcc/arm-none-eabi/7.2.1/../../../../arm-none-eabi/lib/thumb/v8-m.main/fpv5-sp/hard/crt0.o
 .ARM.exidx     0x000030ac        0x0 c:/siliconlabs/simplicitystudio/v5/developer/toolchains/gnu_arm/7.2_2017q4/bin/../lib/gcc/arm-none-eabi/7.2.1/thumb/v8-m.main/fpv5-sp/hard\libgcc.a(_udivmoddi4.o)
                                  0x8 (size before relaxing)
                0x000030ac                __exidx_end = .
                0x000030ac                __etext = .

.rel.dyn        0x000030ac        0x0
 .rel.iplt      0x000030ac        0x0 c:/siliconlabs/simplicitystudio/v5/developer/toolchains/gnu_arm/7.2_2017q4/bin/../lib/gcc/arm-none-eabi/7.2.1/thumb/v8-m.main/fpv5-sp/hard/crtbegin.o
                0x20000000                . = ORIGIN (RAM)

.stack          0x20000000     0x1000
                0x20000000                __StackLimit = .
 *(.stack*)
 .stack         0x20000000        0x0 ./gecko_sdk_3.1.1/platform/Device/SiliconLabs/BGM22/Source/GCC/startup_bgm22.o
 .stack         0x20000000     0x1000 ./gecko_sdk_3.1.1/platform/common/toolchain/src/sl_memory.o
                0x20001000                . = ALIGN (0x4)
                0x20001000                __StackTop = .
                0x20001000                PROVIDE (__stack, __StackTop)

.noinit
 *(.noinit*)

.data           0x20001000       0x7c load address 0x000030ac
                0x20001000                . = ALIGN (0x4)
                0x20001000                __data_start__ = .
 *(vtable)
 *(.data*)
 .data.SystemCoreClock
                0x20001000        0x4 ./gecko_sdk_3.1.1/platform/Device/SiliconLabs/BGM22/Source/system_bgm22.o
                0x20001000                SystemCoreClock
 .data.SystemHFRCODPLLClock
                0x20001004        0x4 ./gecko_sdk_3.1.1/platform/Device/SiliconLabs/BGM22/Source/system_bgm22.o
 .data.SystemHFXOClock
                0x20001008        0x4 ./gecko_sdk_3.1.1/platform/Device/SiliconLabs/BGM22/Source/system_bgm22.o
 .data.SystemLFXOClock
                0x2000100c        0x4 ./gecko_sdk_3.1.1/platform/Device/SiliconLabs/BGM22/Source/system_bgm22.o
 .data.lfxo_precision
                0x20001010        0x2 ./gecko_sdk_3.1.1/platform/emlib/src/em_cmu.o
 .data.cc_disabled
                0x20001012        0x1 ./gecko_sdk_3.1.1/platform/service/sleeptimer/src/sl_sleeptimer_hal_rtcc.o
 *fill*         0x20001013        0x1 
 .data.impure_data
                0x20001014       0x60 c:/siliconlabs/simplicitystudio/v5/developer/toolchains/gnu_arm/7.2_2017q4/bin/../lib/gcc/arm-none-eabi/7.2.1/../../../../arm-none-eabi/lib/thumb/v8-m.main/fpv5-sp/hard\libc_nano.a(lib_a-impure.o)
                0x20001074                . = ALIGN (0x4)
                [!provide]                PROVIDE (__ram_func_section_start, .)
 *(.ram)
                [!provide]                PROVIDE (__ram_func_section_end, .)
                0x20001074                . = ALIGN (0x4)
                0x20001074                PROVIDE (__preinit_array_start, .)
 *(.preinit_array)
                0x20001074                PROVIDE (__preinit_array_end, .)
                0x20001074                . = ALIGN (0x4)
                0x20001074                PROVIDE (__init_array_start, .)
 *(SORT_BY_NAME(.init_array.*))
 *(.init_array)
 .init_array    0x20001074        0x4 c:/siliconlabs/simplicitystudio/v5/developer/toolchains/gnu_arm/7.2_2017q4/bin/../lib/gcc/arm-none-eabi/7.2.1/thumb/v8-m.main/fpv5-sp/hard/crtbegin.o
                0x20001078                PROVIDE (__init_array_end, .)
                0x20001078                . = ALIGN (0x4)
                [!provide]                PROVIDE (__fini_array_start, .)
 *(SORT_BY_NAME(.fini_array.*))
 *(.fini_array)
 .fini_array    0x20001078        0x4 c:/siliconlabs/simplicitystudio/v5/developer/toolchains/gnu_arm/7.2_2017q4/bin/../lib/gcc/arm-none-eabi/7.2.1/thumb/v8-m.main/fpv5-sp/hard/crtbegin.o
                [!provide]                PROVIDE (__fini_array_end, .)
                0x2000107c                . = ALIGN (0x4)
                0x2000107c                __data_end__ = .

.igot.plt       0x2000107c        0x0 load address 0x00003128
 .igot.plt      0x2000107c        0x0 c:/siliconlabs/simplicitystudio/v5/developer/toolchains/gnu_arm/7.2_2017q4/bin/../lib/gcc/arm-none-eabi/7.2.1/thumb/v8-m.main/fpv5-sp/hard/crtbegin.o

.bss            0x2000107c      0x10c load address 0x00003128
                0x2000107c                . = ALIGN (0x4)
                0x2000107c                __bss_start__ = .
 *(.bss*)
 .bss           0x2000107c       0x1c c:/siliconlabs/simplicitystudio/v5/developer/toolchains/gnu_arm/7.2_2017q4/bin/../lib/gcc/arm-none-eabi/7.2.1/thumb/v8-m.main/fpv5-sp/hard/crtbegin.o
 .bss.context_vcom
                0x20001098       0x34 ./autogen/sl_iostream_init_usart_instances.o
 .bss.rx_buffer_vcom
                0x200010cc       0x20 ./autogen/sl_iostream_init_usart_instances.o
 .bss.sl_iostream_vcom
                0x200010ec       0x18 ./autogen/sl_iostream_init_usart_instances.o
 .bss.gpioCallbacks
                0x20001104       0x40 ./gecko_sdk_3.1.1/platform/emdrv/gpiointerrupt/src/gpiointerrupt.o
 .bss.vScaleEM01Config
                0x20001144        0x1 ./gecko_sdk_3.1.1/platform/emlib/src/em_emu.o
 *fill*         0x20001145        0x3 
 .bss.sli_iostream_default
                0x20001148        0x4 ./gecko_sdk_3.1.1/platform/service/iostream/src/sl_iostream.o
 .bss.is_sleeptimer_initialized
                0x2000114c        0x1 ./gecko_sdk_3.1.1/platform/service/sleeptimer/src/sl_sleeptimer.o
 *fill*         0x2000114d        0x3 
 .bss.last_delta_update_count
                0x20001150        0x4 ./gecko_sdk_3.1.1/platform/service/sleeptimer/src/sl_sleeptimer.o
 .bss.max_millisecond_conversion
                0x20001154        0x4 ./gecko_sdk_3.1.1/platform/service/sleeptimer/src/sl_sleeptimer.o
 .bss.next_timer_to_expire_is_power_manager
                0x20001158        0x1 ./gecko_sdk_3.1.1/platform/service/sleeptimer/src/sl_sleeptimer.o
 *fill*         0x20001159        0x1 
 .bss.overflow_counter
                0x2000115a        0x2 ./gecko_sdk_3.1.1/platform/service/sleeptimer/src/sl_sleeptimer.o
 .bss.sleep_on_isr_exit
                0x2000115c        0x1 ./gecko_sdk_3.1.1/platform/service/sleeptimer/src/sl_sleeptimer.o
 *fill*         0x2000115d        0x3 
 .bss.timer_frequency
                0x20001160        0x4 ./gecko_sdk_3.1.1/platform/service/sleeptimer/src/sl_sleeptimer.o
 .bss.timer_head
                0x20001164        0x4 ./gecko_sdk_3.1.1/platform/service/sleeptimer/src/sl_sleeptimer.o
 *(COMMON)
 COMMON         0x20001168       0x1e ./app.o
                0x20001168                right_sensor
                0x2000116c                timer
                0x20001184                left_sensor
                0x20001185                start
                0x20001188                . = ALIGN (0x4)
 *fill*         0x20001186        0x2 
                0x20001188                __bss_end__ = .

.heap           0x20001188     0x6e78
                0x20001188                __HeapBase = .
                0x20001188                __end__ = .
                0x20001188                end = __end__
                0x20001188                _end = __end__
 *(.heap*)
 .heap          0x20001188      0x800 ./gecko_sdk_3.1.1/platform/common/toolchain/src/sl_memory.o
                0x20008000                . = (ORIGIN (RAM) + LENGTH (RAM))
 *fill*         0x20001988     0x6678 
                0x20008000                __HeapLimit = .
                0x00006e78                __heap_size = (__HeapLimit - __HeapBase)

.internal_storage
                0x000030ac        0x0
 *(.internal_storage*)

.nvm            0x000030ac        0x0
 *(.simee*)
                0x0007e000                linker_nvm_end = (ORIGIN (FLASH) + LENGTH (FLASH))
                0x0007e000                linker_nvm_begin = (linker_nvm_end - SIZEOF (.nvm))
                0x00000000                linker_nvm_size = SIZEOF (.nvm)
                0x0007e000                linker_storage_end = linker_nvm_begin
                0x0007e000                linker_storage_begin = (linker_storage_end - SIZEOF (.internal_storage))
                0x00000000                linker_storage_size = SIZEOF (.internal_storage)
                0x0007e000                __nvm3Base = linker_nvm_begin
                0x00000001                ASSERT (((ORIGIN (FLASH) + LENGTH (FLASH)) >= (__etext + SIZEOF (.data))), FLASH memory overflowed !)
                0x00000001                ASSERT (((ORIGIN (RAM) + LENGTH (RAM)) >= (__HeapBase + SIZEOF (.heap))), RAM memory overflowed !)
OUTPUT(Assignment7.axf elf32-littlearm)

.ARM.attributes
                0x00000000       0x36
 .ARM.attributes
                0x00000000       0x26 c:/siliconlabs/simplicitystudio/v5/developer/toolchains/gnu_arm/7.2_2017q4/bin/../lib/gcc/arm-none-eabi/7.2.1/thumb/v8-m.main/fpv5-sp/hard/crti.o
 .ARM.attributes
                0x00000026       0x38 c:/siliconlabs/simplicitystudio/v5/developer/toolchains/gnu_arm/7.2_2017q4/bin/../lib/gcc/arm-none-eabi/7.2.1/thumb/v8-m.main/fpv5-sp/hard/crtbegin.o
 .ARM.attributes
                0x0000005e       0x24 c:/siliconlabs/simplicitystudio/v5/developer/toolchains/gnu_arm/7.2_2017q4/bin/../lib/gcc/arm-none-eabi/7.2.1/../../../../arm-none-eabi/lib/thumb/v8-m.main/fpv5-sp/hard/crt0.o
 .ARM.attributes
                0x00000082       0x3c ./app.o
 .ARM.attributes
                0x000000be       0x3c ./main.o
 .ARM.attributes
                0x000000fa       0x3c ./autogen/sl_board_default_init.o
 .ARM.attributes
                0x00000136       0x3c ./autogen/sl_device_init_clocks.o
 .ARM.attributes
                0x00000172       0x3c ./autogen/sl_emlib_gpio_simple_init.o
 .ARM.attributes
                0x000001ae       0x3c ./autogen/sl_event_handler.o
 .ARM.attributes
                0x000001ea       0x3c ./autogen/sl_iostream_init_usart_instances.o
 .ARM.attributes
                0x00000226       0x3c ./gecko_sdk_3.1.1/hardware/board/src/sl_board_init.o
 .ARM.attributes
                0x00000262       0x3c ./gecko_sdk_3.1.1/platform/Device/SiliconLabs/BGM22/Source/GCC/startup_bgm22.o
 .ARM.attributes
                0x0000029e       0x3c ./gecko_sdk_3.1.1/platform/Device/SiliconLabs/BGM22/Source/system_bgm22.o
 .ARM.attributes
                0x000002da       0x3c ./gecko_sdk_3.1.1/platform/common/toolchain/src/sl_memory.o
 .ARM.attributes
                0x00000316       0x3c ./gecko_sdk_3.1.1/platform/emdrv/gpiointerrupt/src/gpiointerrupt.o
 .ARM.attributes
                0x00000352       0x3c ./gecko_sdk_3.1.1/platform/emlib/src/em_assert.o
 .ARM.attributes
                0x0000038e       0x3c ./gecko_sdk_3.1.1/platform/emlib/src/em_cmu.o
 .ARM.attributes
                0x000003ca       0x3c ./gecko_sdk_3.1.1/platform/emlib/src/em_core.o
 .ARM.attributes
                0x00000406       0x3c ./gecko_sdk_3.1.1/platform/emlib/src/em_emu.o
 .ARM.attributes
                0x00000442       0x3c ./gecko_sdk_3.1.1/platform/emlib/src/em_gpio.o
 .ARM.attributes
                0x0000047e       0x3c ./gecko_sdk_3.1.1/platform/emlib/src/em_rtcc.o
 .ARM.attributes
                0x000004ba       0x3c ./gecko_sdk_3.1.1/platform/emlib/src/em_usart.o
 .ARM.attributes
                0x000004f6       0x3c ./gecko_sdk_3.1.1/platform/service/device_init/src/sl_device_init_dcdc_s2.o
 .ARM.attributes
                0x00000532       0x3c ./gecko_sdk_3.1.1/platform/service/device_init/src/sl_device_init_emu_s2.o
 .ARM.attributes
                0x0000056e       0x3c ./gecko_sdk_3.1.1/platform/service/device_init/src/sl_device_init_hfxo_s2.o
 .ARM.attributes
                0x000005aa       0x3c ./gecko_sdk_3.1.1/platform/service/device_init/src/sl_device_init_lfxo_s2.o
 .ARM.attributes
                0x000005e6       0x3c ./gecko_sdk_3.1.1/platform/service/device_init/src/sl_device_init_nvic.o
 .ARM.attributes
                0x00000622       0x3c ./gecko_sdk_3.1.1/platform/service/iostream/src/sl_iostream.o
 .ARM.attributes
                0x0000065e       0x3c ./gecko_sdk_3.1.1/platform/service/iostream/src/sl_iostream_retarget_stdio.o
 .ARM.attributes
                0x0000069a       0x3c ./gecko_sdk_3.1.1/platform/service/iostream/src/sl_iostream_uart.o
 .ARM.attributes
                0x000006d6       0x3c ./gecko_sdk_3.1.1/platform/service/iostream/src/sl_iostream_usart.o
 .ARM.attributes
                0x00000712       0x3c ./gecko_sdk_3.1.1/platform/service/sleeptimer/src/sl_sleeptimer.o
 .ARM.attributes
                0x0000074e       0x3c ./gecko_sdk_3.1.1/platform/service/sleeptimer/src/sl_sleeptimer_hal_rtcc.o
 .ARM.attributes
                0x0000078a       0x3c ./gecko_sdk_3.1.1/platform/service/system/src/sl_system_init.o
 .ARM.attributes
                0x000007c6       0x3c ./gecko_sdk_3.1.1/platform/service/system/src/sl_system_process_action.o
 .ARM.attributes
                0x00000802       0x26 c:/siliconlabs/simplicitystudio/v5/developer/toolchains/gnu_arm/7.2_2017q4/bin/../lib/gcc/arm-none-eabi/7.2.1/thumb/v8-m.main/fpv5-sp/hard\libgcc.a(_aeabi_uldivmod.o)
 .ARM.attributes
                0x00000828       0x38 c:/siliconlabs/simplicitystudio/v5/developer/toolchains/gnu_arm/7.2_2017q4/bin/../lib/gcc/arm-none-eabi/7.2.1/thumb/v8-m.main/fpv5-sp/hard\libgcc.a(_udivmoddi4.o)
 .ARM.attributes
                0x00000860       0x26 c:/siliconlabs/simplicitystudio/v5/developer/toolchains/gnu_arm/7.2_2017q4/bin/../lib/gcc/arm-none-eabi/7.2.1/thumb/v8-m.main/fpv5-sp/hard\libgcc.a(_dvmd_tls.o)
 .ARM.attributes
                0x00000886       0x38 c:/siliconlabs/simplicitystudio/v5/developer/toolchains/gnu_arm/7.2_2017q4/bin/../lib/gcc/arm-none-eabi/7.2.1/../../../../arm-none-eabi/lib/thumb/v8-m.main/fpv5-sp/hard\libc_nano.a(lib_a-exit.o)
 .ARM.attributes
                0x000008be       0x38 c:/siliconlabs/simplicitystudio/v5/developer/toolchains/gnu_arm/7.2_2017q4/bin/../lib/gcc/arm-none-eabi/7.2.1/../../../../arm-none-eabi/lib/thumb/v8-m.main/fpv5-sp/hard\libc_nano.a(lib_a-impure.o)
 .ARM.attributes
                0x000008f6       0x38 c:/siliconlabs/simplicitystudio/v5/developer/toolchains/gnu_arm/7.2_2017q4/bin/../lib/gcc/arm-none-eabi/7.2.1/../../../../arm-none-eabi/lib/thumb/v8-m.main/fpv5-sp/hard\libc_nano.a(lib_a-init.o)
 .ARM.attributes
                0x0000092e       0x38 c:/siliconlabs/simplicitystudio/v5/developer/toolchains/gnu_arm/7.2_2017q4/bin/../lib/gcc/arm-none-eabi/7.2.1/../../../../arm-none-eabi/lib/thumb/v8-m.main/fpv5-sp/hard\libc_nano.a(lib_a-memset.o)
 .ARM.attributes
                0x00000966       0x38 c:/siliconlabs/simplicitystudio/v5/developer/toolchains/gnu_arm/7.2_2017q4/bin/../lib/gcc/arm-none-eabi/7.2.1/../../../../arm-none-eabi/lib/thumb/v8-m.main/fpv5-sp/hard\libc_nano.a(lib_a-findfp.o)
 .ARM.attributes
                0x0000099e       0x26 c:/siliconlabs/simplicitystudio/v5/developer/toolchains/gnu_arm/7.2_2017q4/bin/../lib/gcc/arm-none-eabi/7.2.1/thumb/v8-m.main/fpv5-sp/hard/crtn.o

.comment        0x00000000       0x7e
 .comment       0x00000000       0x7e ./app.o
                                 0x7f (size before relaxing)
 .comment       0x0000007e       0x7f ./main.o
 .comment       0x0000007e       0x7f ./autogen/sl_board_default_init.o
 .comment       0x0000007e       0x7f ./autogen/sl_device_init_clocks.o
 .comment       0x0000007e       0x7f ./autogen/sl_emlib_gpio_simple_init.o
 .comment       0x0000007e       0x7f ./autogen/sl_event_handler.o
 .comment       0x0000007e       0x7f ./autogen/sl_iostream_init_usart_instances.o
 .comment       0x0000007e       0x7f ./gecko_sdk_3.1.1/hardware/board/src/sl_board_init.o
 .comment       0x0000007e       0x7f ./gecko_sdk_3.1.1/platform/Device/SiliconLabs/BGM22/Source/GCC/startup_bgm22.o
 .comment       0x0000007e       0x7f ./gecko_sdk_3.1.1/platform/Device/SiliconLabs/BGM22/Source/system_bgm22.o
 .comment       0x0000007e       0x7f ./gecko_sdk_3.1.1/platform/common/toolchain/src/sl_memory.o
 .comment       0x0000007e       0x7f ./gecko_sdk_3.1.1/platform/emdrv/gpiointerrupt/src/gpiointerrupt.o
 .comment       0x0000007e       0x7f ./gecko_sdk_3.1.1/platform/emlib/src/em_assert.o
 .comment       0x0000007e       0x7f ./gecko_sdk_3.1.1/platform/emlib/src/em_cmu.o
 .comment       0x0000007e       0x7f ./gecko_sdk_3.1.1/platform/emlib/src/em_core.o
 .comment       0x0000007e       0x7f ./gecko_sdk_3.1.1/platform/emlib/src/em_emu.o
 .comment       0x0000007e       0x7f ./gecko_sdk_3.1.1/platform/emlib/src/em_gpio.o
 .comment       0x0000007e       0x7f ./gecko_sdk_3.1.1/platform/emlib/src/em_rtcc.o
 .comment       0x0000007e       0x7f ./gecko_sdk_3.1.1/platform/emlib/src/em_usart.o
 .comment       0x0000007e       0x7f ./gecko_sdk_3.1.1/platform/service/device_init/src/sl_device_init_dcdc_s2.o
 .comment       0x0000007e       0x7f ./gecko_sdk_3.1.1/platform/service/device_init/src/sl_device_init_emu_s2.o
 .comment       0x0000007e       0x7f ./gecko_sdk_3.1.1/platform/service/device_init/src/sl_device_init_hfxo_s2.o
 .comment       0x0000007e       0x7f ./gecko_sdk_3.1.1/platform/service/device_init/src/sl_device_init_lfxo_s2.o
 .comment       0x0000007e       0x7f ./gecko_sdk_3.1.1/platform/service/device_init/src/sl_device_init_nvic.o
 .comment       0x0000007e       0x7f ./gecko_sdk_3.1.1/platform/service/iostream/src/sl_iostream.o
 .comment       0x0000007e       0x7f ./gecko_sdk_3.1.1/platform/service/iostream/src/sl_iostream_retarget_stdio.o
 .comment       0x0000007e       0x7f ./gecko_sdk_3.1.1/platform/service/iostream/src/sl_iostream_uart.o
 .comment       0x0000007e       0x7f ./gecko_sdk_3.1.1/platform/service/iostream/src/sl_iostream_usart.o
 .comment       0x0000007e       0x7f ./gecko_sdk_3.1.1/platform/service/sleeptimer/src/sl_sleeptimer.o
 .comment       0x0000007e       0x7f ./gecko_sdk_3.1.1/platform/service/sleeptimer/src/sl_sleeptimer_hal_rtcc.o
 .comment       0x0000007e       0x7f ./gecko_sdk_3.1.1/platform/service/system/src/sl_system_init.o
 .comment       0x0000007e       0x7f ./gecko_sdk_3.1.1/platform/service/system/src/sl_system_process_action.o

.debug_info     0x00000000    0x25ab3
 .debug_info    0x00000000     0x2163 ./app.o
 .debug_info    0x00002163       0xac ./main.o
 .debug_info    0x0000220f       0x89 ./autogen/sl_board_default_init.o
 .debug_info    0x00002298      0x3d9 ./autogen/sl_device_init_clocks.o
 .debug_info    0x00002671      0x4f7 ./autogen/sl_emlib_gpio_simple_init.o
 .debug_info    0x00002b68     0x1443 ./autogen/sl_event_handler.o
 .debug_info    0x00003fab     0x142d ./autogen/sl_iostream_init_usart_instances.o
 .debug_info    0x000053d8      0x327 ./gecko_sdk_3.1.1/hardware/board/src/sl_board_init.o
 .debug_info    0x000056ff      0x275 ./gecko_sdk_3.1.1/platform/Device/SiliconLabs/BGM22/Source/GCC/startup_bgm22.o
 .debug_info    0x00005974     0x127f ./gecko_sdk_3.1.1/platform/Device/SiliconLabs/BGM22/Source/system_bgm22.o
 .debug_info    0x00006bf3      0x1e6 ./gecko_sdk_3.1.1/platform/common/toolchain/src/sl_memory.o
 .debug_info    0x00006dd9     0x182e ./gecko_sdk_3.1.1/platform/emdrv/gpiointerrupt/src/gpiointerrupt.o
 .debug_info    0x00008607       0x7b ./gecko_sdk_3.1.1/platform/emlib/src/em_assert.o
 .debug_info    0x00008682     0x6297 ./gecko_sdk_3.1.1/platform/emlib/src/em_cmu.o
 .debug_info    0x0000e919     0x12a8 ./gecko_sdk_3.1.1/platform/emlib/src/em_core.o
 .debug_info    0x0000fbc1     0x3425 ./gecko_sdk_3.1.1/platform/emlib/src/em_emu.o
 .debug_info    0x00012fe6     0x1ebf ./gecko_sdk_3.1.1/platform/emlib/src/em_gpio.o
 .debug_info    0x00014ea5     0x1dc4 ./gecko_sdk_3.1.1/platform/emlib/src/em_rtcc.o
 .debug_info    0x00016c69     0x3c19 ./gecko_sdk_3.1.1/platform/emlib/src/em_usart.o
 .debug_info    0x0001a882      0x32c ./gecko_sdk_3.1.1/platform/service/device_init/src/sl_device_init_dcdc_s2.o
 .debug_info    0x0001abae      0x9ba ./gecko_sdk_3.1.1/platform/service/device_init/src/sl_device_init_emu_s2.o
 .debug_info    0x0001b568      0x493 ./gecko_sdk_3.1.1/platform/service/device_init/src/sl_device_init_hfxo_s2.o
 .debug_info    0x0001b9fb      0x2ec ./gecko_sdk_3.1.1/platform/service/device_init/src/sl_device_init_lfxo_s2.o
 .debug_info    0x0001bce7      0x8b4 ./gecko_sdk_3.1.1/platform/service/device_init/src/sl_device_init_nvic.o
 .debug_info    0x0001c59b      0xe7c ./gecko_sdk_3.1.1/platform/service/iostream/src/sl_iostream.o
 .debug_info    0x0001d417      0xf48 ./gecko_sdk_3.1.1/platform/service/iostream/src/sl_iostream_retarget_stdio.o
 .debug_info    0x0001e35f     0x171a ./gecko_sdk_3.1.1/platform/service/iostream/src/sl_iostream_uart.o
 .debug_info    0x0001fa79     0x301e ./gecko_sdk_3.1.1/platform/service/iostream/src/sl_iostream_usart.o
 .debug_info    0x00022a97     0x1bea ./gecko_sdk_3.1.1/platform/service/sleeptimer/src/sl_sleeptimer.o
 .debug_info    0x00024681     0x12d8 ./gecko_sdk_3.1.1/platform/service/sleeptimer/src/sl_sleeptimer_hal_rtcc.o
 .debug_info    0x00025959       0xb8 ./gecko_sdk_3.1.1/platform/service/system/src/sl_system_init.o
 .debug_info    0x00025a11       0xa2 ./gecko_sdk_3.1.1/platform/service/system/src/sl_system_process_action.o

.debug_abbrev   0x00000000     0x48a1
 .debug_abbrev  0x00000000      0x36e ./app.o
 .debug_abbrev  0x0000036e       0x5d ./main.o
 .debug_abbrev  0x000003cb       0x47 ./autogen/sl_board_default_init.o
 .debug_abbrev  0x00000412      0x13e ./autogen/sl_device_init_clocks.o
 .debug_abbrev  0x00000550      0x132 ./autogen/sl_emlib_gpio_simple_init.o
 .debug_abbrev  0x00000682      0x245 ./autogen/sl_event_handler.o
 .debug_abbrev  0x000008c7      0x26f ./autogen/sl_iostream_init_usart_instances.o
 .debug_abbrev  0x00000b36      0x15b ./gecko_sdk_3.1.1/hardware/board/src/sl_board_init.o
 .debug_abbrev  0x00000c91      0x13c ./gecko_sdk_3.1.1/platform/Device/SiliconLabs/BGM22/Source/GCC/startup_bgm22.o
 .debug_abbrev  0x00000dcd      0x256 ./gecko_sdk_3.1.1/platform/Device/SiliconLabs/BGM22/Source/system_bgm22.o
 .debug_abbrev  0x00001023      0x107 ./gecko_sdk_3.1.1/platform/common/toolchain/src/sl_memory.o
 .debug_abbrev  0x0000112a      0x2e3 ./gecko_sdk_3.1.1/platform/emdrv/gpiointerrupt/src/gpiointerrupt.o
 .debug_abbrev  0x0000140d       0x68 ./gecko_sdk_3.1.1/platform/emlib/src/em_assert.o
 .debug_abbrev  0x00001475      0x4ea ./gecko_sdk_3.1.1/platform/emlib/src/em_cmu.o
 .debug_abbrev  0x0000195f      0x2ed ./gecko_sdk_3.1.1/platform/emlib/src/em_core.o
 .debug_abbrev  0x00001c4c      0x4b0 ./gecko_sdk_3.1.1/platform/emlib/src/em_emu.o
 .debug_abbrev  0x000020fc      0x336 ./gecko_sdk_3.1.1/platform/emlib/src/em_gpio.o
 .debug_abbrev  0x00002432      0x26d ./gecko_sdk_3.1.1/platform/emlib/src/em_rtcc.o
 .debug_abbrev  0x0000269f      0x332 ./gecko_sdk_3.1.1/platform/emlib/src/em_usart.o
 .debug_abbrev  0x000029d1      0x142 ./gecko_sdk_3.1.1/platform/service/device_init/src/sl_device_init_dcdc_s2.o
 .debug_abbrev  0x00002b13      0x17f ./gecko_sdk_3.1.1/platform/service/device_init/src/sl_device_init_emu_s2.o
 .debug_abbrev  0x00002c92      0x170 ./gecko_sdk_3.1.1/platform/service/device_init/src/sl_device_init_hfxo_s2.o
 .debug_abbrev  0x00002e02      0x14f ./gecko_sdk_3.1.1/platform/service/device_init/src/sl_device_init_lfxo_s2.o
 .debug_abbrev  0x00002f51      0x180 ./gecko_sdk_3.1.1/platform/service/device_init/src/sl_device_init_nvic.o
 .debug_abbrev  0x000030d1      0x2cf ./gecko_sdk_3.1.1/platform/service/iostream/src/sl_iostream.o
 .debug_abbrev  0x000033a0      0x283 ./gecko_sdk_3.1.1/platform/service/iostream/src/sl_iostream_retarget_stdio.o
 .debug_abbrev  0x00003623      0x525 ./gecko_sdk_3.1.1/platform/service/iostream/src/sl_iostream_uart.o
 .debug_abbrev  0x00003b48      0x3d4 ./gecko_sdk_3.1.1/platform/service/iostream/src/sl_iostream_usart.o
 .debug_abbrev  0x00003f1c      0x4cd ./gecko_sdk_3.1.1/platform/service/sleeptimer/src/sl_sleeptimer.o
 .debug_abbrev  0x000043e9      0x3fc ./gecko_sdk_3.1.1/platform/service/sleeptimer/src/sl_sleeptimer_hal_rtcc.o
 .debug_abbrev  0x000047e5       0x5e ./gecko_sdk_3.1.1/platform/service/system/src/sl_system_init.o
 .debug_abbrev  0x00004843       0x5e ./gecko_sdk_3.1.1/platform/service/system/src/sl_system_process_action.o

.debug_loc      0x00000000     0x7778
 .debug_loc     0x00000000      0x302 ./app.o
 .debug_loc     0x00000302       0x20 ./main.o
 .debug_loc     0x00000322       0x20 ./autogen/sl_device_init_clocks.o
 .debug_loc     0x00000342       0x2c ./autogen/sl_emlib_gpio_simple_init.o
 .debug_loc     0x0000036e       0x73 ./autogen/sl_event_handler.o
 .debug_loc     0x000003e1       0x62 ./autogen/sl_iostream_init_usart_instances.o
 .debug_loc     0x00000443       0x2c ./gecko_sdk_3.1.1/hardware/board/src/sl_board_init.o
 .debug_loc     0x0000046f       0x4b ./gecko_sdk_3.1.1/platform/Device/SiliconLabs/BGM22/Source/GCC/startup_bgm22.o
 .debug_loc     0x000004ba       0xa0 ./gecko_sdk_3.1.1/platform/Device/SiliconLabs/BGM22/Source/system_bgm22.o
 .debug_loc     0x0000055a       0x7a ./gecko_sdk_3.1.1/platform/common/toolchain/src/sl_memory.o
 .debug_loc     0x000005d4      0x1c5 ./gecko_sdk_3.1.1/platform/emdrv/gpiointerrupt/src/gpiointerrupt.o
 .debug_loc     0x00000799     0x2937 ./gecko_sdk_3.1.1/platform/emlib/src/em_cmu.o
 .debug_loc     0x000030d0      0x6fe ./gecko_sdk_3.1.1/platform/emlib/src/em_core.o
 .debug_loc     0x000037ce      0x671 ./gecko_sdk_3.1.1/platform/emlib/src/em_emu.o
 .debug_loc     0x00003e3f      0x79f ./gecko_sdk_3.1.1/platform/emlib/src/em_gpio.o
 .debug_loc     0x000045de      0x152 ./gecko_sdk_3.1.1/platform/emlib/src/em_rtcc.o
 .debug_loc     0x00004730      0x833 ./gecko_sdk_3.1.1/platform/emlib/src/em_usart.o
 .debug_loc     0x00004f63       0x2c ./gecko_sdk_3.1.1/platform/service/device_init/src/sl_device_init_dcdc_s2.o
 .debug_loc     0x00004f8f       0x2c ./gecko_sdk_3.1.1/platform/service/device_init/src/sl_device_init_emu_s2.o
 .debug_loc     0x00004fbb       0x38 ./gecko_sdk_3.1.1/platform/service/device_init/src/sl_device_init_hfxo_s2.o
 .debug_loc     0x00004ff3       0x2c ./gecko_sdk_3.1.1/platform/service/device_init/src/sl_device_init_lfxo_s2.o
 .debug_loc     0x0000501f       0x67 ./gecko_sdk_3.1.1/platform/service/device_init/src/sl_device_init_nvic.o
 .debug_loc     0x00005086      0x4eb ./gecko_sdk_3.1.1/platform/service/iostream/src/sl_iostream.o
 .debug_loc     0x00005571      0x1d2 ./gecko_sdk_3.1.1/platform/service/iostream/src/sl_iostream_retarget_stdio.o
 .debug_loc     0x00005743      0x6b0 ./gecko_sdk_3.1.1/platform/service/iostream/src/sl_iostream_uart.o
 .debug_loc     0x00005df3      0x3b2 ./gecko_sdk_3.1.1/platform/service/iostream/src/sl_iostream_usart.o
 .debug_loc     0x000061a5     0x1280 ./gecko_sdk_3.1.1/platform/service/sleeptimer/src/sl_sleeptimer.o
 .debug_loc     0x00007425      0x2fb ./gecko_sdk_3.1.1/platform/service/sleeptimer/src/sl_sleeptimer_hal_rtcc.o
 .debug_loc     0x00007720       0x2c ./gecko_sdk_3.1.1/platform/service/system/src/sl_system_init.o
 .debug_loc     0x0000774c       0x2c ./gecko_sdk_3.1.1/platform/service/system/src/sl_system_process_action.o

.debug_aranges  0x00000000      0xa90
 .debug_aranges
                0x00000000       0x60 ./app.o
 .debug_aranges
                0x00000060       0x20 ./main.o
 .debug_aranges
                0x00000080       0x20 ./autogen/sl_board_default_init.o
 .debug_aranges
                0x000000a0       0x20 ./autogen/sl_device_init_clocks.o
 .debug_aranges
                0x000000c0       0x20 ./autogen/sl_emlib_gpio_simple_init.o
 .debug_aranges
                0x000000e0       0x40 ./autogen/sl_event_handler.o
 .debug_aranges
                0x00000120       0x30 ./autogen/sl_iostream_init_usart_instances.o
 .debug_aranges
                0x00000150       0x28 ./gecko_sdk_3.1.1/hardware/board/src/sl_board_init.o
 .debug_aranges
                0x00000178       0x28 ./gecko_sdk_3.1.1/platform/Device/SiliconLabs/BGM22/Source/GCC/startup_bgm22.o
 .debug_aranges
                0x000001a0       0x88 ./gecko_sdk_3.1.1/platform/Device/SiliconLabs/BGM22/Source/system_bgm22.o
 .debug_aranges
                0x00000228       0x30 ./gecko_sdk_3.1.1/platform/common/toolchain/src/sl_memory.o
 .debug_aranges
                0x00000258       0x40 ./gecko_sdk_3.1.1/platform/emdrv/gpiointerrupt/src/gpiointerrupt.o
 .debug_aranges
                0x00000298       0x20 ./gecko_sdk_3.1.1/platform/emlib/src/em_assert.o
 .debug_aranges
                0x000002b8      0x140 ./gecko_sdk_3.1.1/platform/emlib/src/em_cmu.o
 .debug_aranges
                0x000003f8       0xe0 ./gecko_sdk_3.1.1/platform/emlib/src/em_core.o
 .debug_aranges
                0x000004d8       0xc8 ./gecko_sdk_3.1.1/platform/emlib/src/em_emu.o
 .debug_aranges
                0x000005a0       0x58 ./gecko_sdk_3.1.1/platform/emlib/src/em_gpio.o
 .debug_aranges
                0x000005f8       0x48 ./gecko_sdk_3.1.1/platform/emlib/src/em_rtcc.o
 .debug_aranges
                0x00000640       0xb8 ./gecko_sdk_3.1.1/platform/emlib/src/em_usart.o
 .debug_aranges
                0x000006f8       0x20 ./gecko_sdk_3.1.1/platform/service/device_init/src/sl_device_init_dcdc_s2.o
 .debug_aranges
                0x00000718       0x20 ./gecko_sdk_3.1.1/platform/service/device_init/src/sl_device_init_emu_s2.o
 .debug_aranges
                0x00000738       0x20 ./gecko_sdk_3.1.1/platform/service/device_init/src/sl_device_init_hfxo_s2.o
 .debug_aranges
                0x00000758       0x20 ./gecko_sdk_3.1.1/platform/service/device_init/src/sl_device_init_lfxo_s2.o
 .debug_aranges
                0x00000778       0x20 ./gecko_sdk_3.1.1/platform/service/device_init/src/sl_device_init_nvic.o
 .debug_aranges
                0x00000798       0x50 ./gecko_sdk_3.1.1/platform/service/iostream/src/sl_iostream.o
 .debug_aranges
                0x000007e8       0x60 ./gecko_sdk_3.1.1/platform/service/iostream/src/sl_iostream_retarget_stdio.o
 .debug_aranges
                0x00000848       0x70 ./gecko_sdk_3.1.1/platform/service/iostream/src/sl_iostream_uart.o
 .debug_aranges
                0x000008b8       0x40 ./gecko_sdk_3.1.1/platform/service/iostream/src/sl_iostream_usart.o
 .debug_aranges
                0x000008f8       0xf0 ./gecko_sdk_3.1.1/platform/service/sleeptimer/src/sl_sleeptimer.o
 .debug_aranges
                0x000009e8       0x68 ./gecko_sdk_3.1.1/platform/service/sleeptimer/src/sl_sleeptimer_hal_rtcc.o
 .debug_aranges
                0x00000a50       0x20 ./gecko_sdk_3.1.1/platform/service/system/src/sl_system_init.o
 .debug_aranges
                0x00000a70       0x20 ./gecko_sdk_3.1.1/platform/service/system/src/sl_system_process_action.o

.debug_ranges   0x00000000      0xe18
 .debug_ranges  0x00000000       0xe0 ./app.o
 .debug_ranges  0x000000e0       0x10 ./main.o
 .debug_ranges  0x000000f0       0x10 ./autogen/sl_board_default_init.o
 .debug_ranges  0x00000100       0x10 ./autogen/sl_device_init_clocks.o
 .debug_ranges  0x00000110       0x10 ./autogen/sl_emlib_gpio_simple_init.o
 .debug_ranges  0x00000120       0x60 ./autogen/sl_event_handler.o
 .debug_ranges  0x00000180       0x20 ./autogen/sl_iostream_init_usart_instances.o
 .debug_ranges  0x000001a0       0x18 ./gecko_sdk_3.1.1/hardware/board/src/sl_board_init.o
 .debug_ranges  0x000001b8       0x18 ./gecko_sdk_3.1.1/platform/Device/SiliconLabs/BGM22/Source/GCC/startup_bgm22.o
 .debug_ranges  0x000001d0       0x78 ./gecko_sdk_3.1.1/platform/Device/SiliconLabs/BGM22/Source/system_bgm22.o
 .debug_ranges  0x00000248       0x20 ./gecko_sdk_3.1.1/platform/common/toolchain/src/sl_memory.o
 .debug_ranges  0x00000268       0x78 ./gecko_sdk_3.1.1/platform/emdrv/gpiointerrupt/src/gpiointerrupt.o
 .debug_ranges  0x000002e0       0x10 ./gecko_sdk_3.1.1/platform/emlib/src/em_assert.o
 .debug_ranges  0x000002f0      0x1c8 ./gecko_sdk_3.1.1/platform/emlib/src/em_cmu.o
 .debug_ranges  0x000004b8      0x118 ./gecko_sdk_3.1.1/platform/emlib/src/em_core.o
 .debug_ranges  0x000005d0      0x190 ./gecko_sdk_3.1.1/platform/emlib/src/em_emu.o
 .debug_ranges  0x00000760       0xd0 ./gecko_sdk_3.1.1/platform/emlib/src/em_gpio.o
 .debug_ranges  0x00000830       0x68 ./gecko_sdk_3.1.1/platform/emlib/src/em_rtcc.o
 .debug_ranges  0x00000898      0x108 ./gecko_sdk_3.1.1/platform/emlib/src/em_usart.o
 .debug_ranges  0x000009a0       0x10 ./gecko_sdk_3.1.1/platform/service/device_init/src/sl_device_init_dcdc_s2.o
 .debug_ranges  0x000009b0       0x10 ./gecko_sdk_3.1.1/platform/service/device_init/src/sl_device_init_emu_s2.o
 .debug_ranges  0x000009c0       0x10 ./gecko_sdk_3.1.1/platform/service/device_init/src/sl_device_init_hfxo_s2.o
 .debug_ranges  0x000009d0       0x10 ./gecko_sdk_3.1.1/platform/service/device_init/src/sl_device_init_lfxo_s2.o
 .debug_ranges  0x000009e0       0x40 ./gecko_sdk_3.1.1/platform/service/device_init/src/sl_device_init_nvic.o
 .debug_ranges  0x00000a20       0x40 ./gecko_sdk_3.1.1/platform/service/iostream/src/sl_iostream.o
 .debug_ranges  0x00000a60       0x50 ./gecko_sdk_3.1.1/platform/service/iostream/src/sl_iostream_retarget_stdio.o
 .debug_ranges  0x00000ab0       0x90 ./gecko_sdk_3.1.1/platform/service/iostream/src/sl_iostream_uart.o
 .debug_ranges  0x00000b40       0x60 ./gecko_sdk_3.1.1/platform/service/iostream/src/sl_iostream_usart.o
 .debug_ranges  0x00000ba0      0x158 ./gecko_sdk_3.1.1/platform/service/sleeptimer/src/sl_sleeptimer.o
 .debug_ranges  0x00000cf8      0x100 ./gecko_sdk_3.1.1/platform/service/sleeptimer/src/sl_sleeptimer_hal_rtcc.o
 .debug_ranges  0x00000df8       0x10 ./gecko_sdk_3.1.1/platform/service/system/src/sl_system_init.o
 .debug_ranges  0x00000e08       0x10 ./gecko_sdk_3.1.1/platform/service/system/src/sl_system_process_action.o

.debug_macro    0x00000000    0x3f6b2
 .debug_macro   0x00000000      0x489 ./app.o
 .debug_macro   0x00000489      0xa60 ./app.o
 .debug_macro   0x00000ee9       0x10 ./app.o
 .debug_macro   0x00000ef9       0x22 ./app.o
 .debug_macro   0x00000f1b       0x22 ./app.o
 .debug_macro   0x00000f3d      0x7e3 ./app.o
 .debug_macro   0x00001720       0x22 ./app.o
 .debug_macro   0x00001742       0x4f ./app.o
 .debug_macro   0x00001791       0x51 ./app.o
 .debug_macro   0x000017e2       0xef ./app.o
 .debug_macro   0x000018d1       0x6a ./app.o
 .debug_macro   0x0000193b      0x1df ./app.o
 .debug_macro   0x00001b1a       0x1c ./app.o
 .debug_macro   0x00001b36       0x29 ./app.o
 .debug_macro   0x00001b5f       0xdf ./app.o
 .debug_macro   0x00001c3e     0x1401 ./app.o
 .debug_macro   0x0000303f       0x5e ./app.o
 .debug_macro   0x0000309d      0xe4f ./app.o
 .debug_macro   0x00003eec     0x12bd ./app.o
 .debug_macro   0x000051a9      0x87c ./app.o
 .debug_macro   0x00005a25      0x300 ./app.o
 .debug_macro   0x00005d25       0x34 ./app.o
 .debug_macro   0x00005d59      0x304 ./app.o
 .debug_macro   0x0000605d      0x456 ./app.o
 .debug_macro   0x000064b3      0x4a1 ./app.o
 .debug_macro   0x00006954      0x156 ./app.o
 .debug_macro   0x00006aaa      0x764 ./app.o
 .debug_macro   0x0000720e      0x363 ./app.o
 .debug_macro   0x00007571     0x14f4 ./app.o
 .debug_macro   0x00008a65       0x10 ./app.o
 .debug_macro   0x00008a75      0x997 ./app.o
 .debug_macro   0x0000940c     0x2b9a ./app.o
 .debug_macro   0x0000bfa6      0xcb2 ./app.o
 .debug_macro   0x0000cc58       0x4c ./app.o
 .debug_macro   0x0000cca4     0x15b8 ./app.o
 .debug_macro   0x0000e25c     0x210a ./app.o
 .debug_macro   0x00010366      0x53c ./app.o
 .debug_macro   0x000108a2      0xfe5 ./app.o
 .debug_macro   0x00011887      0x924 ./app.o
 .debug_macro   0x000121ab       0x34 ./app.o
 .debug_macro   0x000121df      0x308 ./app.o
 .debug_macro   0x000124e7      0x6a7 ./app.o
 .debug_macro   0x00012b8e      0x618 ./app.o
 .debug_macro   0x000131a6      0x9b0 ./app.o
 .debug_macro   0x00013b56      0x91e ./app.o
 .debug_macro   0x00014474     0x1b1b ./app.o
 .debug_macro   0x00015f8f      0x76b ./app.o
 .debug_macro   0x000166fa      0x8f3 ./app.o
 .debug_macro   0x00016fed     0x154f ./app.o
 .debug_macro   0x0001853c      0x688 ./app.o
 .debug_macro   0x00018bc4      0x464 ./app.o
 .debug_macro   0x00019028     0x141b ./app.o
 .debug_macro   0x0001a443     0x15ea ./app.o
 .debug_macro   0x0001ba2d     0x3753 ./app.o
 .debug_macro   0x0001f180     0x17a9 ./app.o
 .debug_macro   0x00020929      0x319 ./app.o
 .debug_macro   0x00020c42     0x53ed ./app.o
 .debug_macro   0x0002602f     0x175c ./app.o
 .debug_macro   0x0002778b     0x29ed ./app.o
 .debug_macro   0x0002a178     0x789f ./app.o
 .debug_macro   0x00031a17      0x143 ./app.o
 .debug_macro   0x00031b5a      0xfae ./app.o
 .debug_macro   0x00032b08     0x1384 ./app.o
 .debug_macro   0x00033e8c     0x1bff ./app.o
 .debug_macro   0x00035a8b      0x37d ./app.o
 .debug_macro   0x00035e08     0x106c ./app.o
 .debug_macro   0x00036e74       0x22 ./app.o
 .debug_macro   0x00036e96       0x10 ./app.o
 .debug_macro   0x00036ea6       0x6a ./app.o
 .debug_macro   0x00036f10       0x1c ./app.o
 .debug_macro   0x00036f2c       0xe5 ./app.o
 .debug_macro   0x00037011       0xd6 ./app.o
 .debug_macro   0x000370e7       0x58 ./app.o
 .debug_macro   0x0003713f       0x17 ./app.o
 .debug_macro   0x00037156       0x35 ./app.o
 .debug_macro   0x0003718b       0x9c ./app.o
 .debug_macro   0x00037227       0x16 ./app.o
 .debug_macro   0x0003723d       0x97 ./app.o
 .debug_macro   0x000372d4      0x34d ./app.o
 .debug_macro   0x00037621       0xf6 ./app.o
 .debug_macro   0x00037717       0x10 ./app.o
 .debug_macro   0x00037727       0x58 ./app.o
 .debug_macro   0x0003777f       0x1f ./app.o
 .debug_macro   0x0003779e       0x43 ./app.o
 .debug_macro   0x000377e1       0x20 ./app.o
 .debug_macro   0x00037801      0x18e ./app.o
 .debug_macro   0x0003798f       0x10 ./app.o
 .debug_macro   0x0003799f       0xb6 ./app.o
 .debug_macro   0x00037a55       0x16 ./app.o
 .debug_macro   0x00037a6b      0x129 ./app.o
 .debug_macro   0x00037b94       0x4c ./app.o
 .debug_macro   0x00037be0      0x716 ./app.o
 .debug_macro   0x000382f6       0x10 ./app.o
 .debug_macro   0x00038306       0x22 ./app.o
 .debug_macro   0x00038328       0x22 ./app.o
 .debug_macro   0x0003834a       0x22 ./app.o
 .debug_macro   0x0003836c       0x22 ./app.o
 .debug_macro   0x0003838e       0x22 ./app.o
 .debug_macro   0x000383b0       0x22 ./app.o
 .debug_macro   0x000383d2       0x22 ./app.o
 .debug_macro   0x000383f4       0x22 ./app.o
 .debug_macro   0x00038416       0x22 ./app.o
 .debug_macro   0x00038438       0x41 ./main.o
 .debug_macro   0x00038479       0x8e ./autogen/sl_board_default_init.o
 .debug_macro   0x00038507      0x710 ./autogen/sl_board_default_init.o
 .debug_macro   0x00038c17       0x16 ./autogen/sl_board_default_init.o
 .debug_macro   0x00038c2d      0x328 ./autogen/sl_device_init_clocks.o
 .debug_macro   0x00038f55       0x70 ./autogen/sl_device_init_clocks.o
 .debug_macro   0x00038fc5      0x307 ./autogen/sl_device_init_clocks.o
 .debug_macro   0x000392cc       0xdc ./autogen/sl_device_init_clocks.o
 .debug_macro   0x000393a8      0x119 ./autogen/sl_device_init_clocks.o
 .debug_macro   0x000394c1      0x38c ./autogen/sl_emlib_gpio_simple_init.o
 .debug_macro   0x0003984d      0x3e6 ./autogen/sl_event_handler.o
 .debug_macro   0x00039c33      0x16d ./autogen/sl_event_handler.o
 .debug_macro   0x00039da0       0x58 ./autogen/sl_event_handler.o
 .debug_macro   0x00039df8       0x1d ./autogen/sl_event_handler.o
 .debug_macro   0x00039e15      0x39c ./autogen/sl_iostream_init_usart_instances.o
 .debug_macro   0x0003a1b1       0xf1 ./autogen/sl_iostream_init_usart_instances.o
 .debug_macro   0x0003a2a2       0x70 ./autogen/sl_iostream_init_usart_instances.o
 .debug_macro   0x0003a312      0x33b ./gecko_sdk_3.1.1/hardware/board/src/sl_board_init.o
 .debug_macro   0x0003a64d      0x2c1 ./gecko_sdk_3.1.1/platform/Device/SiliconLabs/BGM22/Source/GCC/startup_bgm22.o
 .debug_macro   0x0003a90e      0x2e1 ./gecko_sdk_3.1.1/platform/Device/SiliconLabs/BGM22/Source/system_bgm22.o
 .debug_macro   0x0003abef       0x92 ./gecko_sdk_3.1.1/platform/common/toolchain/src/sl_memory.o
 .debug_macro   0x0003ac81       0x16 ./gecko_sdk_3.1.1/platform/common/toolchain/src/sl_memory.o
 .debug_macro   0x0003ac97      0x319 ./gecko_sdk_3.1.1/platform/emdrv/gpiointerrupt/src/gpiointerrupt.o
 .debug_macro   0x0003afb0       0x2c ./gecko_sdk_3.1.1/platform/emlib/src/em_assert.o
 .debug_macro   0x0003afdc      0x3bb ./gecko_sdk_3.1.1/platform/emlib/src/em_cmu.o
 .debug_macro   0x0003b397       0x25 ./gecko_sdk_3.1.1/platform/emlib/src/em_cmu.o
 .debug_macro   0x0003b3bc       0xee ./gecko_sdk_3.1.1/platform/emlib/src/em_cmu.o
 .debug_macro   0x0003b4aa       0x33 ./gecko_sdk_3.1.1/platform/emlib/src/em_cmu.o
 .debug_macro   0x0003b4dd      0x2fc ./gecko_sdk_3.1.1/platform/emlib/src/em_core.o
 .debug_macro   0x0003b7d9      0x3c8 ./gecko_sdk_3.1.1/platform/emlib/src/em_emu.o
 .debug_macro   0x0003bba1       0x52 ./gecko_sdk_3.1.1/platform/emlib/src/em_emu.o
 .debug_macro   0x0003bbf3       0x55 ./gecko_sdk_3.1.1/platform/emlib/src/em_emu.o
 .debug_macro   0x0003bc48      0x353 ./gecko_sdk_3.1.1/platform/emlib/src/em_emu.o
 .debug_macro   0x0003bf9b       0xd9 ./gecko_sdk_3.1.1/platform/emlib/src/em_emu.o
 .debug_macro   0x0003c074       0x2d ./gecko_sdk_3.1.1/platform/emlib/src/em_emu.o
 .debug_macro   0x0003c0a1       0x34 ./gecko_sdk_3.1.1/platform/emlib/src/em_emu.o
 .debug_macro   0x0003c0d5      0x30f ./gecko_sdk_3.1.1/platform/emlib/src/em_gpio.o
 .debug_macro   0x0003c3e4      0x2fd ./gecko_sdk_3.1.1/platform/emlib/src/em_rtcc.o
 .debug_macro   0x0003c6e1       0x74 ./gecko_sdk_3.1.1/platform/emlib/src/em_rtcc.o
 .debug_macro   0x0003c755      0x350 ./gecko_sdk_3.1.1/platform/emlib/src/em_usart.o
 .debug_macro   0x0003caa5       0xeb ./gecko_sdk_3.1.1/platform/emlib/src/em_usart.o
 .debug_macro   0x0003cb90      0x325 ./gecko_sdk_3.1.1/platform/service/device_init/src/sl_device_init_dcdc_s2.o
 .debug_macro   0x0003ceb5       0x16 ./gecko_sdk_3.1.1/platform/service/device_init/src/sl_device_init_dcdc_s2.o
 .debug_macro   0x0003cecb      0x32b ./gecko_sdk_3.1.1/platform/service/device_init/src/sl_device_init_emu_s2.o
 .debug_macro   0x0003d1f6       0x10 ./gecko_sdk_3.1.1/platform/service/device_init/src/sl_device_init_emu_s2.o
 .debug_macro   0x0003d206      0x33d ./gecko_sdk_3.1.1/platform/service/device_init/src/sl_device_init_hfxo_s2.o
 .debug_macro   0x0003d543       0x1c ./gecko_sdk_3.1.1/platform/service/device_init/src/sl_device_init_hfxo_s2.o
 .debug_macro   0x0003d55f      0x331 ./gecko_sdk_3.1.1/platform/service/device_init/src/sl_device_init_lfxo_s2.o
 .debug_macro   0x0003d890       0x1c ./gecko_sdk_3.1.1/platform/service/device_init/src/sl_device_init_lfxo_s2.o
 .debug_macro   0x0003d8ac      0x2f9 ./gecko_sdk_3.1.1/platform/service/device_init/src/sl_device_init_nvic.o
 .debug_macro   0x0003dba5      0x409 ./gecko_sdk_3.1.1/platform/service/iostream/src/sl_iostream.o
 .debug_macro   0x0003dfae      0x402 ./gecko_sdk_3.1.1/platform/service/iostream/src/sl_iostream_retarget_stdio.o
 .debug_macro   0x0003e3b0       0x10 ./gecko_sdk_3.1.1/platform/service/iostream/src/sl_iostream_retarget_stdio.o
 .debug_macro   0x0003e3c0       0x10 ./gecko_sdk_3.1.1/platform/service/iostream/src/sl_iostream_retarget_stdio.o
 .debug_macro   0x0003e3d0       0x10 ./gecko_sdk_3.1.1/platform/service/iostream/src/sl_iostream_retarget_stdio.o
 .debug_macro   0x0003e3e0       0x2e ./gecko_sdk_3.1.1/platform/service/iostream/src/sl_iostream_retarget_stdio.o
 .debug_macro   0x0003e40e       0xf5 ./gecko_sdk_3.1.1/platform/service/iostream/src/sl_iostream_retarget_stdio.o
 .debug_macro   0x0003e503      0x416 ./gecko_sdk_3.1.1/platform/service/iostream/src/sl_iostream_uart.o
 .debug_macro   0x0003e919       0x16 ./gecko_sdk_3.1.1/platform/service/iostream/src/sl_iostream_uart.o
 .debug_macro   0x0003e92f       0x16 ./gecko_sdk_3.1.1/platform/service/iostream/src/sl_iostream_uart.o
 .debug_macro   0x0003e945      0x439 ./gecko_sdk_3.1.1/platform/service/iostream/src/sl_iostream_usart.o
 .debug_macro   0x0003ed7e      0x4b9 ./gecko_sdk_3.1.1/platform/service/sleeptimer/src/sl_sleeptimer.o
 .debug_macro   0x0003f237       0x57 ./gecko_sdk_3.1.1/platform/service/sleeptimer/src/sl_sleeptimer.o
 .debug_macro   0x0003f28e       0x16 ./gecko_sdk_3.1.1/platform/service/sleeptimer/src/sl_sleeptimer.o
 .debug_macro   0x0003f2a4       0x22 ./gecko_sdk_3.1.1/platform/service/sleeptimer/src/sl_sleeptimer.o
 .debug_macro   0x0003f2c6       0x16 ./gecko_sdk_3.1.1/platform/service/sleeptimer/src/sl_sleeptimer.o
 .debug_macro   0x0003f2dc       0x10 ./gecko_sdk_3.1.1/platform/service/sleeptimer/src/sl_sleeptimer.o
 .debug_macro   0x0003f2ec      0x37e ./gecko_sdk_3.1.1/platform/service/sleeptimer/src/sl_sleeptimer_hal_rtcc.o
 .debug_macro   0x0003f66a       0x24 ./gecko_sdk_3.1.1/platform/service/system/src/sl_system_init.o
 .debug_macro   0x0003f68e       0x24 ./gecko_sdk_3.1.1/platform/service/system/src/sl_system_process_action.o

.debug_line     0x00000000    0x13af5
 .debug_line    0x00000000      0xe2c ./app.o
 .debug_line    0x00000e2c      0x1d9 ./main.o
 .debug_line    0x00001005      0x3bd ./autogen/sl_board_default_init.o
 .debug_line    0x000013c2      0x9a3 ./autogen/sl_device_init_clocks.o
 .debug_line    0x00001d65      0xb9c ./autogen/sl_emlib_gpio_simple_init.o
 .debug_line    0x00002901      0xd8c ./autogen/sl_event_handler.o
 .debug_line    0x0000368d      0xad0 ./autogen/sl_iostream_init_usart_instances.o
 .debug_line    0x0000415d      0xa6d ./gecko_sdk_3.1.1/hardware/board/src/sl_board_init.o
 .debug_line    0x00004bca      0x7fb ./gecko_sdk_3.1.1/platform/Device/SiliconLabs/BGM22/Source/GCC/startup_bgm22.o
 .debug_line    0x000053c5      0x8ce ./gecko_sdk_3.1.1/platform/Device/SiliconLabs/BGM22/Source/system_bgm22.o
 .debug_line    0x00005c93      0x3f6 ./gecko_sdk_3.1.1/platform/common/toolchain/src/sl_memory.o
 .debug_line    0x00006089      0xa18 ./gecko_sdk_3.1.1/platform/emdrv/gpiointerrupt/src/gpiointerrupt.o
 .debug_line    0x00006aa1      0x1f7 ./gecko_sdk_3.1.1/platform/emlib/src/em_assert.o
 .debug_line    0x00006c98     0x1466 ./gecko_sdk_3.1.1/platform/emlib/src/em_cmu.o
 .debug_line    0x000080fe      0xbf2 ./gecko_sdk_3.1.1/platform/emlib/src/em_core.o
 .debug_line    0x00008cf0      0xd08 ./gecko_sdk_3.1.1/platform/emlib/src/em_emu.o
 .debug_line    0x000099f8      0xa92 ./gecko_sdk_3.1.1/platform/emlib/src/em_gpio.o
 .debug_line    0x0000a48a      0x9df ./gecko_sdk_3.1.1/platform/emlib/src/em_rtcc.o
 .debug_line    0x0000ae69      0xcc0 ./gecko_sdk_3.1.1/platform/emlib/src/em_usart.o
 .debug_line    0x0000bb29      0xa56 ./gecko_sdk_3.1.1/platform/service/device_init/src/sl_device_init_dcdc_s2.o
 .debug_line    0x0000c57f      0xa5c ./gecko_sdk_3.1.1/platform/service/device_init/src/sl_device_init_emu_s2.o
 .debug_line    0x0000cfdb      0xa8a ./gecko_sdk_3.1.1/platform/service/device_init/src/sl_device_init_hfxo_s2.o
 .debug_line    0x0000da65      0xa7a ./gecko_sdk_3.1.1/platform/service/device_init/src/sl_device_init_lfxo_s2.o
 .debug_line    0x0000e4df      0x95d ./gecko_sdk_3.1.1/platform/service/device_init/src/sl_device_init_nvic.o
 .debug_line    0x0000ee3c      0xb36 ./gecko_sdk_3.1.1/platform/service/iostream/src/sl_iostream.o
 .debug_line    0x0000f972      0xb17 ./gecko_sdk_3.1.1/platform/service/iostream/src/sl_iostream_retarget_stdio.o
 .debug_line    0x00010489      0xc16 ./gecko_sdk_3.1.1/platform/service/iostream/src/sl_iostream_uart.o
 .debug_line    0x0001109f      0xbe9 ./gecko_sdk_3.1.1/platform/service/iostream/src/sl_iostream_usart.o
 .debug_line    0x00011c88      0xec5 ./gecko_sdk_3.1.1/platform/service/sleeptimer/src/sl_sleeptimer.o
 .debug_line    0x00012b4d      0xc73 ./gecko_sdk_3.1.1/platform/service/sleeptimer/src/sl_sleeptimer_hal_rtcc.o
 .debug_line    0x000137c0      0x196 ./gecko_sdk_3.1.1/platform/service/system/src/sl_system_init.o
 .debug_line    0x00013956      0x19f ./gecko_sdk_3.1.1/platform/service/system/src/sl_system_process_action.o

.debug_str      0x00000000   0x18a836
 .debug_str     0x00000000   0x17dd85 ./app.o
                             0x17e7a8 (size before relaxing)
 .debug_str     0x0017dd85       0x6c ./main.o
                               0x2e7f (size before relaxing)
 .debug_str     0x0017ddf1       0xce ./autogen/sl_board_default_init.o
                               0x7814 (size before relaxing)
 .debug_str     0x0017debf     0x25e3 ./autogen/sl_device_init_clocks.o
                             0x17bcf4 (size before relaxing)
 .debug_str     0x001804a2      0x1d7 ./autogen/sl_emlib_gpio_simple_init.o
                             0x178b9f (size before relaxing)
 .debug_str     0x00180679      0xe16 ./autogen/sl_event_handler.o
                             0x17ade5 (size before relaxing)
 .debug_str     0x0018148f     0x179e ./autogen/sl_iostream_init_usart_instances.o
                             0x17db12 (size before relaxing)
 .debug_str     0x00182c2d       0x85 ./gecko_sdk_3.1.1/hardware/board/src/sl_board_init.o
                             0x17bc7f (size before relaxing)
 .debug_str     0x00182cb2      0x167 ./gecko_sdk_3.1.1/platform/Device/SiliconLabs/BGM22/Source/GCC/startup_bgm22.o
                             0x174b48 (size before relaxing)
 .debug_str     0x00182e19      0x392 ./gecko_sdk_3.1.1/platform/Device/SiliconLabs/BGM22/Source/system_bgm22.o
                             0x175637 (size before relaxing)
 .debug_str     0x001831ab      0x159 ./gecko_sdk_3.1.1/platform/common/toolchain/src/sl_memory.o
                               0x4051 (size before relaxing)
 .debug_str     0x00183304      0x18f ./gecko_sdk_3.1.1/platform/emdrv/gpiointerrupt/src/gpiointerrupt.o
                             0x176c33 (size before relaxing)
 .debug_str     0x00183493       0x66 ./gecko_sdk_3.1.1/platform/emlib/src/em_assert.o
                               0x2e8d (size before relaxing)
 .debug_str     0x001834f9     0x1b18 ./gecko_sdk_3.1.1/platform/emlib/src/em_cmu.o
                             0x17cd4d (size before relaxing)
 .debug_str     0x00185011      0x360 ./gecko_sdk_3.1.1/platform/emlib/src/em_core.o
                             0x175d4e (size before relaxing)
 .debug_str     0x00185371      0xde1 ./gecko_sdk_3.1.1/platform/emlib/src/em_emu.o
                             0x17bb59 (size before relaxing)
 .debug_str     0x00186152      0x1a0 ./gecko_sdk_3.1.1/platform/emlib/src/em_gpio.o
                             0x176dc1 (size before relaxing)
 .debug_str     0x001862f2     0x2282 ./gecko_sdk_3.1.1/platform/emlib/src/em_rtcc.o
                             0x17797e (size before relaxing)
 .debug_str     0x00188574      0x5a1 ./gecko_sdk_3.1.1/platform/emlib/src/em_usart.o
                             0x17b8aa (size before relaxing)
 .debug_str     0x00188b15       0xd9 ./gecko_sdk_3.1.1/platform/service/device_init/src/sl_device_init_dcdc_s2.o
                             0x179646 (size before relaxing)
 .debug_str     0x00188bee      0x10d ./gecko_sdk_3.1.1/platform/service/device_init/src/sl_device_init_emu_s2.o
                             0x179888 (size before relaxing)
 .debug_str     0x00188cfb      0x15c ./gecko_sdk_3.1.1/platform/service/device_init/src/sl_device_init_hfxo_s2.o
                             0x17bf8f (size before relaxing)
 .debug_str     0x00188e57      0x10e ./gecko_sdk_3.1.1/platform/service/device_init/src/sl_device_init_lfxo_s2.o
                             0x17baf1 (size before relaxing)
 .debug_str     0x00188f65       0x7e ./gecko_sdk_3.1.1/platform/service/device_init/src/sl_device_init_nvic.o
                             0x179599 (size before relaxing)
 .debug_str     0x00188fe3      0x13d ./gecko_sdk_3.1.1/platform/service/iostream/src/sl_iostream.o
                             0x17cb32 (size before relaxing)
 .debug_str     0x00189120      0x5c3 ./gecko_sdk_3.1.1/platform/service/iostream/src/sl_iostream_retarget_stdio.o
                             0x17c132 (size before relaxing)
 .debug_str     0x001896e3      0x28f ./gecko_sdk_3.1.1/platform/service/iostream/src/sl_iostream_uart.o
                             0x17d2bb (size before relaxing)
 .debug_str     0x00189972      0x108 ./gecko_sdk_3.1.1/platform/service/iostream/src/sl_iostream_usart.o
                             0x180f6c (size before relaxing)
 .debug_str     0x00189a7a      0xabf ./gecko_sdk_3.1.1/platform/service/sleeptimer/src/sl_sleeptimer.o
                             0x17d25c (size before relaxing)
 .debug_str     0x0018a539      0x20b ./gecko_sdk_3.1.1/platform/service/sleeptimer/src/sl_sleeptimer_hal_rtcc.o
                             0x17d0c9 (size before relaxing)
 .debug_str     0x0018a744       0x74 ./gecko_sdk_3.1.1/platform/service/system/src/sl_system_init.o
                               0x2e5f (size before relaxing)
 .debug_str     0x0018a7b8       0x7e ./gecko_sdk_3.1.1/platform/service/system/src/sl_system_process_action.o
                               0x2e8c (size before relaxing)

.debug_frame    0x00000000     0x1b70
 .debug_frame   0x00000000       0xe8 ./app.o
 .debug_frame   0x000000e8       0x28 ./main.o
 .debug_frame   0x00000110       0x20 ./autogen/sl_board_default_init.o
 .debug_frame   0x00000130       0x28 ./autogen/sl_device_init_clocks.o
 .debug_frame   0x00000158       0x30 ./autogen/sl_emlib_gpio_simple_init.o
 .debug_frame   0x00000188       0xc8 ./autogen/sl_event_handler.o
 .debug_frame   0x00000250       0x64 ./autogen/sl_iostream_init_usart_instances.o
 .debug_frame   0x000002b4       0x3c ./gecko_sdk_3.1.1/hardware/board/src/sl_board_init.o
 .debug_frame   0x000002f0       0x38 ./gecko_sdk_3.1.1/platform/Device/SiliconLabs/BGM22/Source/GCC/startup_bgm22.o
 .debug_frame   0x00000328       0xf8 ./gecko_sdk_3.1.1/platform/Device/SiliconLabs/BGM22/Source/system_bgm22.o
 .debug_frame   0x00000420       0x40 ./gecko_sdk_3.1.1/platform/common/toolchain/src/sl_memory.o